Component: ARM Compiler 5.06 update 7 (build 960) Tool: armlink [4d3601]

==============================================================================

Section Cross References

    system_stm32l1xx.o(i.SystemCoreClockUpdate) refers to system_stm32l1xx.o(.data) for SystemCoreClock
    system_stm32l1xx.o(i.SystemCoreClockUpdate) refers to system_stm32l1xx.o(.constdata) for PLLMulTable
    startup_stm32l152xb.o(STACK) refers (Special) to heapauxi.o(.text) for __use_two_region_memory
    startup_stm32l152xb.o(HEAP) refers (Special) to heapauxi.o(.text) for __use_two_region_memory
    startup_stm32l152xb.o(RESET) refers (Special) to heapauxi.o(.text) for __use_two_region_memory
    startup_stm32l152xb.o(RESET) refers to startup_stm32l152xb.o(STACK) for __initial_sp
    startup_stm32l152xb.o(RESET) refers to startup_stm32l152xb.o(.text) for Reset_Handler
    startup_stm32l152xb.o(RESET) refers to main.o(i.EXTI0_IRQHandler) for EXTI0_IRQHandler
    startup_stm32l152xb.o(.text) refers (Special) to heapauxi.o(.text) for __use_two_region_memory
    startup_stm32l152xb.o(.text) refers to system_stm32l1xx.o(i.SystemInit) for SystemInit
    startup_stm32l152xb.o(.text) refers to __main.o(!!!main) for __main
    startup_stm32l152xb.o(.text) refers to startup_stm32l152xb.o(HEAP) for Heap_Mem
    startup_stm32l152xb.o(.text) refers to startup_stm32l152xb.o(STACK) for Stack_Mem
    main.o(i.DHT11_read) refers to stm32l1xx_ll_utils.o(i.LL_mDelay) for LL_mDelay
    main.o(i.DHT11_read) refers to main.o(i.DHT_Set_Pin_Output) for DHT_Set_Pin_Output
    main.o(i.DHT11_read) refers to main.o(i.LL_GPIO_ResetOutputPin) for LL_GPIO_ResetOutputPin
    main.o(i.DHT11_read) refers to main.o(i.LL_GPIO_SetOutputPin) for LL_GPIO_SetOutputPin
    main.o(i.DHT11_read) refers to main.o(i.delay40us) for delay40us
    main.o(i.DHT11_read) refers to main.o(i.DHT_Set_Pin_Input) for DHT_Set_Pin_Input
    main.o(i.DHT11_read) refers to main.o(i.LL_GPIO_IsInputPinSet) for LL_GPIO_IsInputPinSet
    main.o(i.DHT11_read) refers to main.o(.data) for time_x
    main.o(i.DHT_Set_Pin_Input) refers to stm32l1xx_ll_gpio.o(i.LL_GPIO_Init) for LL_GPIO_Init
    main.o(i.DHT_Set_Pin_Output) refers to stm32l1xx_ll_gpio.o(i.LL_GPIO_Init) for LL_GPIO_Init
    main.o(i.EXTI0_IRQHandler) refers to stm32l1xx_ll_lcd.o(i.LL_LCD_Clear) for LL_LCD_Clear
    main.o(i.EXTI0_IRQHandler) refers to main.o(.data) for s
    main.o(i.GPIO_Init) refers to main.o(i.LL_AHB1_GRP1_EnableClock) for LL_AHB1_GRP1_EnableClock
    main.o(i.GPIO_Init) refers to stm32l1xx_ll_gpio.o(i.LL_GPIO_Init) for LL_GPIO_Init
    main.o(i.SystemClock_Config) refers to main.o(i.LL_RCC_HSI_IsReady) for LL_RCC_HSI_IsReady
    main.o(i.SystemClock_Config) refers to stm32l1xx_ll_utils.o(i.LL_Init1msTick) for LL_Init1msTick
    main.o(i.SystemClock_Config) refers to stm32l1xx_ll_utils.o(i.LL_SetSystemCoreClock) for LL_SetSystemCoreClock
    main.o(i.main) refers to _printf_percent.o(.ARM.Collect$$_printf_percent$$00000000) for _printf_percent
    main.o(i.main) refers to _printf_d.o(.ARM.Collect$$_printf_percent$$00000009) for _printf_d
    main.o(i.main) refers to _printf_dec.o(.text) for _printf_int_dec
    main.o(i.main) refers to main.o(i.SystemClock_Config) for SystemClock_Config
    main.o(i.main) refers to stm32l152_glass_lcd.o(i.LCD_GLASS_Init) for LCD_GLASS_Init
    main.o(i.main) refers to main.o(i.DHT_Set_Pin_Output) for DHT_Set_Pin_Output
    main.o(i.main) refers to main.o(i.GPIO_Init) for GPIO_Init
    main.o(i.main) refers to main.o(i.EXTI_Init) for EXTI_Init
    main.o(i.main) refers to main.o(i.DHT11_read) for DHT11_read
    main.o(i.main) refers to stm32l1xx_ll_utils.o(i.LL_mDelay) for LL_mDelay
    main.o(i.main) refers to main.o(i.LL_GPIO_SetOutputPin) for LL_GPIO_SetOutputPin
    main.o(i.main) refers to main.o(i.LL_GPIO_ResetOutputPin) for LL_GPIO_ResetOutputPin
    main.o(i.main) refers to noretval__2sprintf.o(.text) for __2sprintf
    main.o(i.main) refers to stm32l152_glass_lcd.o(i.LCD_GLASS_DisplayString) for LCD_GLASS_DisplayString
    main.o(i.main) refers to main.o(.data) for status
    stm32l152_glass_lcd.o(i.Convert) refers to stm32l152_glass_lcd.o(.constdata) for NumberMap
    stm32l152_glass_lcd.o(i.Convert) refers to stm32l152_glass_lcd.o(.bss) for Digit
    stm32l152_glass_lcd.o(i.LCD_GLASS_BarLevelConfig) refers to stm32l1xx_ll_lcd.o(i.LL_LCD_Write) for LL_LCD_Write
    stm32l152_glass_lcd.o(i.LCD_GLASS_BarLevelConfig) refers to stm32l1xx_ll_lcd.o(i.LL_LCD_UpdateDisplayRequest) for LL_LCD_UpdateDisplayRequest
    stm32l152_glass_lcd.o(i.LCD_GLASS_BarLevelConfig) refers to stm32l152_glass_lcd.o(.data) for LCDBar
    stm32l152_glass_lcd.o(i.LCD_GLASS_BlinkConfig) refers to stm32l1xx_ll_lcd.o(i.LCD_WaitForSynchro) for LCD_WaitForSynchro
    stm32l152_glass_lcd.o(i.LCD_GLASS_Clear) refers to stm32l1xx_ll_lcd.o(i.LL_LCD_Clear) for LL_LCD_Clear
    stm32l152_glass_lcd.o(i.LCD_GLASS_ClearBar) refers to stm32l1xx_ll_lcd.o(i.LL_LCD_Write) for LL_LCD_Write
    stm32l152_glass_lcd.o(i.LCD_GLASS_ClearBar) refers to stm32l1xx_ll_lcd.o(i.LL_LCD_UpdateDisplayRequest) for LL_LCD_UpdateDisplayRequest
    stm32l152_glass_lcd.o(i.LCD_GLASS_Contrast) refers to stm32l1xx_ll_lcd.o(i.LCD_WaitForSynchro) for LCD_WaitForSynchro
    stm32l152_glass_lcd.o(i.LCD_GLASS_DisplayBar) refers to stm32l1xx_ll_lcd.o(i.LL_LCD_Write) for LL_LCD_Write
    stm32l152_glass_lcd.o(i.LCD_GLASS_DisplayBar) refers to stm32l1xx_ll_lcd.o(i.LL_LCD_UpdateDisplayRequest) for LL_LCD_UpdateDisplayRequest
    stm32l152_glass_lcd.o(i.LCD_GLASS_DisplayChar) refers to stm32l152_glass_lcd.o(i.Convert) for Convert
    stm32l152_glass_lcd.o(i.LCD_GLASS_DisplayChar) refers to stm32l1xx_ll_lcd.o(i.LL_LCD_Write) for LL_LCD_Write
    stm32l152_glass_lcd.o(i.LCD_GLASS_DisplayChar) refers to stm32l152_glass_lcd.o(.bss) for Digit
    stm32l152_glass_lcd.o(i.LCD_GLASS_DisplayChar) refers to stm32l1xx_ll_lcd.o(i.LL_LCD_UpdateDisplayRequest) for LL_LCD_UpdateDisplayRequest
    stm32l152_glass_lcd.o(i.LCD_GLASS_DisplayStrDeci) refers to stm32l152_glass_lcd.o(i.LCD_GLASS_WriteChar) for LCD_GLASS_WriteChar
    stm32l152_glass_lcd.o(i.LCD_GLASS_DisplayString) refers to stm32l152_glass_lcd.o(i.LCD_GLASS_WriteChar) for LCD_GLASS_WriteChar
    stm32l152_glass_lcd.o(i.LCD_GLASS_DisplayString) refers to stm32l1xx_ll_lcd.o(i.LL_LCD_UpdateDisplayRequest) for LL_LCD_UpdateDisplayRequest
    stm32l152_glass_lcd.o(i.LCD_GLASS_Init) refers to stm32l152_glass_lcd.o(i.LCD_MspInit) for LCD_MspInit
    stm32l152_glass_lcd.o(i.LCD_GLASS_Init) refers to stm32l1xx_ll_lcd.o(i.LL_LCD_Init) for LL_LCD_Init
    stm32l152_glass_lcd.o(i.LCD_GLASS_Init) refers to stm32l152_glass_lcd.o(i.LCD_GLASS_Clear) for LCD_GLASS_Clear
    stm32l152_glass_lcd.o(i.LCD_GLASS_Init) refers to stm32l152_glass_lcd.o(.bss) for LCD_InitStructure
    stm32l152_glass_lcd.o(i.LCD_GLASS_ScrollSentence) refers to stm32l152_glass_lcd.o(i.LCD_GLASS_DisplayString) for LCD_GLASS_DisplayString
    stm32l152_glass_lcd.o(i.LCD_GLASS_ScrollSentence) refers to stm32l1xx_ll_utils.o(i.LL_mDelay) for LL_mDelay
    stm32l152_glass_lcd.o(i.LCD_GLASS_ScrollSentence) refers to stm32l152_glass_lcd.o(i.LCD_GLASS_Clear) for LCD_GLASS_Clear
    stm32l152_glass_lcd.o(i.LCD_GLASS_WriteChar) refers to stm32l152_glass_lcd.o(i.LCD_GLASS_DisplayChar) for LCD_GLASS_DisplayChar
    stm32l152_glass_lcd.o(i.LCD_MspInit) refers to rt_memclr_w.o(.text) for __aeabi_memclr4
    stm32l152_glass_lcd.o(i.LCD_MspInit) refers to stm32l152_glass_lcd.o(i.LL_APB1_GRP1_EnableClock) for LL_APB1_GRP1_EnableClock
    stm32l152_glass_lcd.o(i.LCD_MspInit) refers to stm32l152_glass_lcd.o(i.LL_RCC_LSE_IsReady) for LL_RCC_LSE_IsReady
    stm32l152_glass_lcd.o(i.LCD_MspInit) refers to stm32l152_glass_lcd.o(i.LL_AHB1_GRP1_EnableClock) for LL_AHB1_GRP1_EnableClock
    stm32l152_glass_lcd.o(i.LCD_MspInit) refers to stm32l1xx_ll_gpio.o(i.LL_GPIO_Init) for LL_GPIO_Init
    stm32l152_glass_lcd.o(i.LCD_MspInit) refers to stm32l1xx_ll_utils.o(i.LL_mDelay) for LL_mDelay
    stm32l1xx_ll_utils.o(i.LL_PLL_ConfigSystemClock_HSE) refers to stm32l1xx_ll_utils.o(i.UTILS_PLL_IsBusy) for UTILS_PLL_IsBusy
    stm32l1xx_ll_utils.o(i.LL_PLL_ConfigSystemClock_HSE) refers to stm32l1xx_ll_utils.o(i.UTILS_GetPLLOutputFrequency) for UTILS_GetPLLOutputFrequency
    stm32l1xx_ll_utils.o(i.LL_PLL_ConfigSystemClock_HSE) refers to stm32l1xx_ll_utils.o(i.LL_RCC_HSE_IsReady) for LL_RCC_HSE_IsReady
    stm32l1xx_ll_utils.o(i.LL_PLL_ConfigSystemClock_HSE) refers to stm32l1xx_ll_utils.o(i.LL_RCC_PLL_ConfigDomain_SYS) for LL_RCC_PLL_ConfigDomain_SYS
    stm32l1xx_ll_utils.o(i.LL_PLL_ConfigSystemClock_HSE) refers to stm32l1xx_ll_utils.o(i.UTILS_EnablePLLAndSwitchSystem) for UTILS_EnablePLLAndSwitchSystem
    stm32l1xx_ll_utils.o(i.LL_PLL_ConfigSystemClock_HSI) refers to stm32l1xx_ll_utils.o(i.UTILS_PLL_IsBusy) for UTILS_PLL_IsBusy
    stm32l1xx_ll_utils.o(i.LL_PLL_ConfigSystemClock_HSI) refers to stm32l1xx_ll_utils.o(i.UTILS_GetPLLOutputFrequency) for UTILS_GetPLLOutputFrequency
    stm32l1xx_ll_utils.o(i.LL_PLL_ConfigSystemClock_HSI) refers to stm32l1xx_ll_utils.o(i.LL_RCC_HSI_IsReady) for LL_RCC_HSI_IsReady
    stm32l1xx_ll_utils.o(i.LL_PLL_ConfigSystemClock_HSI) refers to stm32l1xx_ll_utils.o(i.LL_RCC_PLL_ConfigDomain_SYS) for LL_RCC_PLL_ConfigDomain_SYS
    stm32l1xx_ll_utils.o(i.LL_PLL_ConfigSystemClock_HSI) refers to stm32l1xx_ll_utils.o(i.UTILS_EnablePLLAndSwitchSystem) for UTILS_EnablePLLAndSwitchSystem
    stm32l1xx_ll_utils.o(i.LL_SetSystemCoreClock) refers to system_stm32l1xx.o(.data) for SystemCoreClock
    stm32l1xx_ll_utils.o(i.UTILS_EnablePLLAndSwitchSystem) refers to stm32l1xx_ll_utils.o(i.UTILS_SetFlashLatency) for UTILS_SetFlashLatency
    stm32l1xx_ll_utils.o(i.UTILS_EnablePLLAndSwitchSystem) refers to stm32l1xx_ll_utils.o(i.LL_RCC_PLL_IsReady) for LL_RCC_PLL_IsReady
    stm32l1xx_ll_utils.o(i.UTILS_EnablePLLAndSwitchSystem) refers to stm32l1xx_ll_utils.o(i.LL_SetSystemCoreClock) for LL_SetSystemCoreClock
    stm32l1xx_ll_utils.o(i.UTILS_EnablePLLAndSwitchSystem) refers to system_stm32l1xx.o(.constdata) for AHBPrescTable
    stm32l1xx_ll_utils.o(i.UTILS_EnablePLLAndSwitchSystem) refers to system_stm32l1xx.o(.data) for SystemCoreClock
    stm32l1xx_ll_utils.o(i.UTILS_GetPLLOutputFrequency) refers to system_stm32l1xx.o(.constdata) for PLLMulTable
    stm32l1xx_ll_utils.o(i.UTILS_PLL_IsBusy) refers to stm32l1xx_ll_utils.o(i.LL_RCC_PLL_IsReady) for LL_RCC_PLL_IsReady
    stm32l1xx_ll_gpio.o(i.LL_GPIO_DeInit) refers to stm32l1xx_ll_gpio.o(i.LL_AHB1_GRP1_ForceReset) for LL_AHB1_GRP1_ForceReset
    stm32l1xx_ll_gpio.o(i.LL_GPIO_DeInit) refers to stm32l1xx_ll_gpio.o(i.LL_AHB1_GRP1_ReleaseReset) for LL_AHB1_GRP1_ReleaseReset
    stm32l1xx_ll_rcc.o(i.LL_RCC_GetSystemClocksFreq) refers to stm32l1xx_ll_rcc.o(i.RCC_GetSystemClockFreq) for RCC_GetSystemClockFreq
    stm32l1xx_ll_rcc.o(i.LL_RCC_GetSystemClocksFreq) refers to stm32l1xx_ll_rcc.o(i.RCC_GetHCLKClockFreq) for RCC_GetHCLKClockFreq
    stm32l1xx_ll_rcc.o(i.LL_RCC_GetSystemClocksFreq) refers to stm32l1xx_ll_rcc.o(i.RCC_GetPCLK1ClockFreq) for RCC_GetPCLK1ClockFreq
    stm32l1xx_ll_rcc.o(i.LL_RCC_GetSystemClocksFreq) refers to stm32l1xx_ll_rcc.o(i.RCC_GetPCLK2ClockFreq) for RCC_GetPCLK2ClockFreq
    stm32l1xx_ll_rcc.o(i.RCC_GetHCLKClockFreq) refers to system_stm32l1xx.o(.constdata) for AHBPrescTable
    stm32l1xx_ll_rcc.o(i.RCC_GetPCLK1ClockFreq) refers to system_stm32l1xx.o(.constdata) for APBPrescTable
    stm32l1xx_ll_rcc.o(i.RCC_GetPCLK2ClockFreq) refers to system_stm32l1xx.o(.constdata) for APBPrescTable
    stm32l1xx_ll_rcc.o(i.RCC_GetSystemClockFreq) refers to stm32l1xx_ll_rcc.o(i.RCC_PLL_GetFreqDomain_SYS) for RCC_PLL_GetFreqDomain_SYS
    stm32l1xx_ll_rcc.o(i.RCC_PLL_GetFreqDomain_SYS) refers to system_stm32l1xx.o(.constdata) for PLLMulTable
    stm32l1xx_ll_lcd.o(i.LL_LCD_Clear) refers to stm32l1xx_ll_lcd.o(i.LL_LCD_UpdateDisplayRequest) for LL_LCD_UpdateDisplayRequest
    stm32l1xx_ll_lcd.o(i.LL_LCD_DeInit) refers to stm32l1xx_ll_lcd.o(i.LCD_WaitForSynchro) for LCD_WaitForSynchro
    stm32l1xx_ll_lcd.o(i.LL_LCD_DeInit) refers to stm32l1xx_ll_lcd.o(i.LL_LCD_MspDeInit) for LL_LCD_MspDeInit
    stm32l1xx_ll_lcd.o(i.LL_LCD_Init) refers to stm32l1xx_ll_lcd.o(i.LCD_WaitForSynchro) for LCD_WaitForSynchro
    stm32l1xx_ll_usart.o(i.LL_USART_ClockInit) refers to stm32l1xx_ll_usart.o(i.LL_USART_IsEnabled) for LL_USART_IsEnabled
    stm32l1xx_ll_usart.o(i.LL_USART_DeInit) refers to stm32l1xx_ll_usart.o(i.LL_APB1_GRP1_ForceReset) for LL_APB1_GRP1_ForceReset
    stm32l1xx_ll_usart.o(i.LL_USART_DeInit) refers to stm32l1xx_ll_usart.o(i.LL_APB1_GRP1_ReleaseReset) for LL_APB1_GRP1_ReleaseReset
    stm32l1xx_ll_usart.o(i.LL_USART_Init) refers to stm32l1xx_ll_usart.o(i.LL_USART_IsEnabled) for LL_USART_IsEnabled
    stm32l1xx_ll_usart.o(i.LL_USART_Init) refers to stm32l1xx_ll_rcc.o(i.LL_RCC_GetSystemClocksFreq) for LL_RCC_GetSystemClocksFreq
    stm32l1xx_ll_usart.o(i.LL_USART_Init) refers to stm32l1xx_ll_usart.o(i.LL_USART_SetBaudRate) for LL_USART_SetBaudRate
    __2sprintf.o(.text) refers to _printf_char_common.o(.text) for _printf_char_common
    __2sprintf.o(.text) refers to _sputc.o(.text) for _sputc
    noretval__2sprintf.o(.text) refers to _printf_char_common.o(.text) for _printf_char_common
    noretval__2sprintf.o(.text) refers to _sputc.o(.text) for _sputc
    __printf.o(.text) refers to _printf_percent.o(.ARM.Collect$$_printf_percent$$00000000) for _printf_percent
    _printf_dec.o(.text) refers to _printf_intcommon.o(.text) for _printf_int_common
    __printf_flags.o(.text) refers to _printf_percent.o(.ARM.Collect$$_printf_percent$$00000000) for _printf_percent
    __printf_flags.o(.text) refers to __printf_flags.o(.constdata) for .constdata
    __printf_ss.o(.text) refers to _printf_percent.o(.ARM.Collect$$_printf_percent$$00000000) for _printf_percent
    __printf_flags_ss.o(.text) refers to _printf_percent.o(.ARM.Collect$$_printf_percent$$00000000) for _printf_percent
    __printf_flags_ss.o(.text) refers to __printf_flags_ss.o(.constdata) for .constdata
    __printf_wp.o(.text) refers to __printf_wp.o(i._is_digit) for _is_digit
    __printf_wp.o(.text) refers to _printf_percent.o(.ARM.Collect$$_printf_percent$$00000000) for _printf_percent
    __printf_flags_wp.o(.text) refers to __printf_wp.o(i._is_digit) for _is_digit
    __printf_flags_wp.o(.text) refers to _printf_percent.o(.ARM.Collect$$_printf_percent$$00000000) for _printf_percent
    __printf_flags_wp.o(.text) refers to __printf_flags_wp.o(.constdata) for .constdata
    __printf_ss_wp.o(.text) refers to __printf_wp.o(i._is_digit) for _is_digit
    __printf_ss_wp.o(.text) refers to _printf_percent.o(.ARM.Collect$$_printf_percent$$00000000) for _printf_percent
    __printf_flags_ss_wp.o(.text) refers to __printf_wp.o(i._is_digit) for _is_digit
    __printf_flags_ss_wp.o(.text) refers to _printf_percent.o(.ARM.Collect$$_printf_percent$$00000000) for _printf_percent
    __printf_flags_ss_wp.o(.text) refers to __printf_flags_ss_wp.o(.constdata) for .constdata
    _printf_d.o(.ARM.Collect$$_printf_percent$$00000009) refers (Weak) to _printf_dec.o(.text) for _printf_int_dec
    _printf_percent.o(.ARM.Collect$$_printf_percent$$00000000) refers (Special) to _printf_percent_end.o(.ARM.Collect$$_printf_percent$$00000017) for _printf_percent_end
    __main.o(!!!main) refers to __rtentry.o(.ARM.Collect$$rtentry$$00000000) for __rt_entry
    __rtentry.o(.ARM.Collect$$rtentry$$00000000) refers (Special) to __rtentry2.o(.ARM.Collect$$rtentry$$0000000A) for __rt_entry_li
    __rtentry.o(.ARM.Collect$$rtentry$$00000000) refers (Special) to __rtentry2.o(.ARM.Collect$$rtentry$$0000000D) for __rt_entry_main
    __rtentry.o(.ARM.Collect$$rtentry$$00000000) refers (Special) to __rtentry2.o(.ARM.Collect$$rtentry$$0000000C) for __rt_entry_postli_1
    __rtentry.o(.ARM.Collect$$rtentry$$00000000) refers (Special) to __rtentry2.o(.ARM.Collect$$rtentry$$00000009) for __rt_entry_postsh_1
    __rtentry.o(.ARM.Collect$$rtentry$$00000000) refers (Special) to __rtentry2.o(.ARM.Collect$$rtentry$$00000002) for __rt_entry_presh_1
    __rtentry.o(.ARM.Collect$$rtentry$$00000000) refers (Special) to __rtentry4.o(.ARM.Collect$$rtentry$$00000004) for __rt_entry_sh
    _printf_char_common.o(.text) refers to __printf.o(.text) for __printf
    __rtentry2.o(.ARM.Collect$$rtentry$$00000008) refers to boardinit2.o(.text) for _platform_post_stackheap_init
    __rtentry2.o(.ARM.Collect$$rtentry$$0000000A) refers to libinit.o(.ARM.Collect$$libinit$$00000000) for __rt_lib_init
    __rtentry2.o(.ARM.Collect$$rtentry$$0000000B) refers to boardinit3.o(.text) for _platform_post_lib_init
    __rtentry2.o(.ARM.Collect$$rtentry$$0000000D) refers to main.o(i.main) for main
    __rtentry2.o(.ARM.Collect$$rtentry$$0000000D) refers to exit.o(.text) for exit
    __rtentry2.o(.ARM.exidx) refers to __rtentry2.o(.ARM.Collect$$rtentry$$00000001) for .ARM.Collect$$rtentry$$00000001
    __rtentry2.o(.ARM.exidx) refers to __rtentry2.o(.ARM.Collect$$rtentry$$00000008) for .ARM.Collect$$rtentry$$00000008
    __rtentry2.o(.ARM.exidx) refers to __rtentry2.o(.ARM.Collect$$rtentry$$0000000A) for .ARM.Collect$$rtentry$$0000000A
    __rtentry2.o(.ARM.exidx) refers to __rtentry2.o(.ARM.Collect$$rtentry$$0000000B) for .ARM.Collect$$rtentry$$0000000B
    __rtentry2.o(.ARM.exidx) refers to __rtentry2.o(.ARM.Collect$$rtentry$$0000000D) for .ARM.Collect$$rtentry$$0000000D
    __rtentry4.o(.ARM.Collect$$rtentry$$00000004) refers to sys_stackheap_outer.o(.text) for __user_setup_stackheap
    __rtentry4.o(.ARM.exidx) refers to __rtentry4.o(.ARM.Collect$$rtentry$$00000004) for .ARM.Collect$$rtentry$$00000004
    sys_stackheap_outer.o(.text) refers to libspace.o(.text) for __user_perproc_libspace
    sys_stackheap_outer.o(.text) refers to startup_stm32l152xb.o(.text) for __user_initial_stackheap
    exit.o(.text) refers to rtexit.o(.ARM.Collect$$rtexit$$00000000) for __rt_exit
    libinit.o(.ARM.Collect$$libinit$$00000000) refers (Special) to libinit2.o(.ARM.Collect$$libinit$$0000002E) for __rt_lib_init_alloca_1
    libinit.o(.ARM.Collect$$libinit$$00000000) refers (Special) to libinit2.o(.ARM.Collect$$libinit$$0000002C) for __rt_lib_init_argv_1
    libinit.o(.ARM.Collect$$libinit$$00000000) refers (Special) to libinit2.o(.ARM.Collect$$libinit$$0000001B) for __rt_lib_init_atexit_1
    libinit.o(.ARM.Collect$$libinit$$00000000) refers (Special) to libinit2.o(.ARM.Collect$$libinit$$00000021) for __rt_lib_init_clock_1
    libinit.o(.ARM.Collect$$libinit$$00000000) refers (Special) to libinit2.o(.ARM.Collect$$libinit$$00000032) for __rt_lib_init_cpp_1
    libinit.o(.ARM.Collect$$libinit$$00000000) refers (Special) to libinit2.o(.ARM.Collect$$libinit$$00000030) for __rt_lib_init_exceptions_1
    libinit.o(.ARM.Collect$$libinit$$00000000) refers (Special) to libinit2.o(.ARM.Collect$$libinit$$00000002) for __rt_lib_init_fp_1
    libinit.o(.ARM.Collect$$libinit$$00000000) refers (Special) to libinit2.o(.ARM.Collect$$libinit$$0000001F) for __rt_lib_init_fp_trap_1
    libinit.o(.ARM.Collect$$libinit$$00000000) refers (Special) to libinit2.o(.ARM.Collect$$libinit$$00000023) for __rt_lib_init_getenv_1
    libinit.o(.ARM.Collect$$libinit$$00000000) refers (Special) to libinit2.o(.ARM.Collect$$libinit$$0000000A) for __rt_lib_init_heap_1
    libinit.o(.ARM.Collect$$libinit$$00000000) refers (Special) to libinit2.o(.ARM.Collect$$libinit$$00000011) for __rt_lib_init_lc_collate_1
    libinit.o(.ARM.Collect$$libinit$$00000000) refers (Special) to libinit2.o(.ARM.Collect$$libinit$$00000013) for __rt_lib_init_lc_ctype_1
    libinit.o(.ARM.Collect$$libinit$$00000000) refers (Special) to libinit2.o(.ARM.Collect$$libinit$$00000015) for __rt_lib_init_lc_monetary_1
    libinit.o(.ARM.Collect$$libinit$$00000000) refers (Special) to libinit2.o(.ARM.Collect$$libinit$$00000017) for __rt_lib_init_lc_numeric_1
    libinit.o(.ARM.Collect$$libinit$$00000000) refers (Special) to libinit2.o(.ARM.Collect$$libinit$$00000019) for __rt_lib_init_lc_time_1
    libinit.o(.ARM.Collect$$libinit$$00000000) refers (Special) to libinit2.o(.ARM.Collect$$libinit$$00000004) for __rt_lib_init_preinit_1
    libinit.o(.ARM.Collect$$libinit$$00000000) refers (Special) to libinit2.o(.ARM.Collect$$libinit$$0000000E) for __rt_lib_init_rand_1
    libinit.o(.ARM.Collect$$libinit$$00000000) refers (Special) to libinit2.o(.ARM.Collect$$libinit$$00000033) for __rt_lib_init_return
    libinit.o(.ARM.Collect$$libinit$$00000000) refers (Special) to libinit2.o(.ARM.Collect$$libinit$$0000001D) for __rt_lib_init_signal_1
    libinit.o(.ARM.Collect$$libinit$$00000000) refers (Special) to libinit2.o(.ARM.Collect$$libinit$$00000025) for __rt_lib_init_stdio_1
    libinit.o(.ARM.Collect$$libinit$$00000000) refers (Special) to libinit2.o(.ARM.Collect$$libinit$$0000000C) for __rt_lib_init_user_alloc_1
    libspace.o(.text) refers to libspace.o(.bss) for __libspace_start
    rtexit.o(.ARM.Collect$$rtexit$$00000000) refers (Special) to rtexit2.o(.ARM.Collect$$rtexit$$00000004) for __rt_exit_exit
    rtexit.o(.ARM.Collect$$rtexit$$00000000) refers (Special) to rtexit2.o(.ARM.Collect$$rtexit$$00000003) for __rt_exit_ls
    rtexit.o(.ARM.Collect$$rtexit$$00000000) refers (Special) to rtexit2.o(.ARM.Collect$$rtexit$$00000002) for __rt_exit_prels_1
    rtexit.o(.ARM.exidx) refers (Special) to rtexit2.o(.ARM.Collect$$rtexit$$00000004) for __rt_exit_exit
    rtexit.o(.ARM.exidx) refers (Special) to rtexit2.o(.ARM.Collect$$rtexit$$00000003) for __rt_exit_ls
    rtexit.o(.ARM.exidx) refers (Special) to rtexit2.o(.ARM.Collect$$rtexit$$00000002) for __rt_exit_prels_1
    rtexit.o(.ARM.exidx) refers to rtexit.o(.ARM.Collect$$rtexit$$00000000) for .ARM.Collect$$rtexit$$00000000
    libinit2.o(.ARM.Collect$$libinit$$00000010) refers to libinit2.o(.ARM.Collect$$libinit$$0000000F) for .ARM.Collect$$libinit$$0000000F
    libinit2.o(.ARM.Collect$$libinit$$00000012) refers to libinit2.o(.ARM.Collect$$libinit$$0000000F) for .ARM.Collect$$libinit$$0000000F
    libinit2.o(.ARM.Collect$$libinit$$00000014) refers to libinit2.o(.ARM.Collect$$libinit$$0000000F) for .ARM.Collect$$libinit$$0000000F
    libinit2.o(.ARM.Collect$$libinit$$00000016) refers to libinit2.o(.ARM.Collect$$libinit$$0000000F) for .ARM.Collect$$libinit$$0000000F
    libinit2.o(.ARM.Collect$$libinit$$00000018) refers to libinit2.o(.ARM.Collect$$libinit$$0000000F) for .ARM.Collect$$libinit$$0000000F
    libinit2.o(.ARM.Collect$$libinit$$00000026) refers to argv_veneer.o(.emb_text) for __ARM_argv_veneer
    libinit2.o(.ARM.Collect$$libinit$$00000027) refers to argv_veneer.o(.emb_text) for __ARM_argv_veneer
    rtexit2.o(.ARM.Collect$$rtexit$$00000003) refers to libshutdown.o(.ARM.Collect$$libshutdown$$00000000) for __rt_lib_shutdown
    rtexit2.o(.ARM.Collect$$rtexit$$00000004) refers to sys_exit.o(.text) for _sys_exit
    rtexit2.o(.ARM.exidx) refers to rtexit2.o(.ARM.Collect$$rtexit$$00000001) for .ARM.Collect$$rtexit$$00000001
    rtexit2.o(.ARM.exidx) refers to rtexit2.o(.ARM.Collect$$rtexit$$00000003) for .ARM.Collect$$rtexit$$00000003
    rtexit2.o(.ARM.exidx) refers to rtexit2.o(.ARM.Collect$$rtexit$$00000004) for .ARM.Collect$$rtexit$$00000004
    argv_veneer.o(.emb_text) refers to no_argv.o(.text) for __ARM_get_argv
    sys_exit.o(.text) refers (Special) to use_no_semi.o(.text) for __I$use$semihosting
    sys_exit.o(.text) refers (Special) to indicate_semi.o(.text) for __semihosting_library_function
    _get_argv_nomalloc.o(.text) refers (Special) to hrguard.o(.text) for __heap_region$guard
    _get_argv_nomalloc.o(.text) refers to defsig_rtmem_outer.o(.text) for __rt_SIGRTMEM
    _get_argv_nomalloc.o(.text) refers to sys_command.o(.text) for _sys_command_string
    libshutdown.o(.ARM.Collect$$libshutdown$$00000000) refers (Special) to libshutdown2.o(.ARM.Collect$$libshutdown$$00000004) for __rt_lib_shutdown_cpp_1
    libshutdown.o(.ARM.Collect$$libshutdown$$00000000) refers (Special) to libshutdown2.o(.ARM.Collect$$libshutdown$$00000002) for __rt_lib_shutdown_fini_1
    libshutdown.o(.ARM.Collect$$libshutdown$$00000000) refers (Special) to libshutdown2.o(.ARM.Collect$$libshutdown$$00000009) for __rt_lib_shutdown_fp_trap_1
    libshutdown.o(.ARM.Collect$$libshutdown$$00000000) refers (Special) to libshutdown2.o(.ARM.Collect$$libshutdown$$00000011) for __rt_lib_shutdown_heap_1
    libshutdown.o(.ARM.Collect$$libshutdown$$00000000) refers (Special) to libshutdown2.o(.ARM.Collect$$libshutdown$$00000012) for __rt_lib_shutdown_return
    libshutdown.o(.ARM.Collect$$libshutdown$$00000000) refers (Special) to libshutdown2.o(.ARM.Collect$$libshutdown$$0000000C) for __rt_lib_shutdown_signal_1
    libshutdown.o(.ARM.Collect$$libshutdown$$00000000) refers (Special) to libshutdown2.o(.ARM.Collect$$libshutdown$$00000006) for __rt_lib_shutdown_stdio_1
    libshutdown.o(.ARM.Collect$$libshutdown$$00000000) refers (Special) to libshutdown2.o(.ARM.Collect$$libshutdown$$0000000E) for __rt_lib_shutdown_user_alloc_1
    sys_command.o(.text) refers (Special) to use_no_semi.o(.text) for __I$use$semihosting
    sys_command.o(.text) refers (Special) to indicate_semi.o(.text) for __semihosting_library_function
    defsig_rtmem_outer.o(.text) refers to defsig_rtmem_inner.o(.text) for __rt_SIGRTMEM_inner
    defsig_rtmem_outer.o(.text) refers to defsig_exit.o(.text) for __sig_exit
    defsig_rtmem_formal.o(.text) refers to rt_raise.o(.text) for __rt_raise
    rt_raise.o(.text) refers to __raise.o(.text) for __raise
    rt_raise.o(.text) refers to sys_exit.o(.text) for _sys_exit
    defsig_exit.o(.text) refers to sys_exit.o(.text) for _sys_exit
    defsig_rtmem_inner.o(.text) refers to defsig_general.o(.text) for __default_signal_display
    __raise.o(.text) refers to defsig.o(CL$$defsig) for __default_signal_handler
    defsig_general.o(.text) refers to sys_wrch.o(.text) for _ttywrch
    sys_wrch.o(.text) refers (Special) to use_no_semi.o(.text) for __I$use$semihosting
    sys_wrch.o(.text) refers (Special) to indicate_semi.o(.text) for __semihosting_library_function
    defsig.o(CL$$defsig) refers to defsig_rtmem_inner.o(.text) for __rt_SIGRTMEM_inner
    defsig_abrt_inner.o(.text) refers to defsig_general.o(.text) for __default_signal_display
    defsig_fpe_inner.o(.text) refers to defsig_general.o(.text) for __default_signal_display
    defsig_rtred_inner.o(.text) refers to defsig_general.o(.text) for __default_signal_display
    defsig_stak_inner.o(.text) refers to defsig_general.o(.text) for __default_signal_display
    defsig_pvfn_inner.o(.text) refers to defsig_general.o(.text) for __default_signal_display
    defsig_cppl_inner.o(.text) refers to defsig_general.o(.text) for __default_signal_display
    defsig_segv_inner.o(.text) refers to defsig_general.o(.text) for __default_signal_display
    defsig_other.o(.text) refers to defsig_general.o(.text) for __default_signal_display


==============================================================================

Removing Unused input sections from the image.

    Removing system_stm32l1xx.o(.rev16_text), (4 bytes).
    Removing system_stm32l1xx.o(.revsh_text), (4 bytes).
    Removing system_stm32l1xx.o(.rrx_text), (6 bytes).
    Removing system_stm32l1xx.o(i.SystemCoreClockUpdate), (216 bytes).
    Removing system_stm32l1xx.o(.constdata), (33 bytes).
    Removing main.o(.rev16_text), (4 bytes).
    Removing main.o(.revsh_text), (4 bytes).
    Removing main.o(.rrx_text), (6 bytes).
    Removing stm32l152_glass_lcd.o(.rev16_text), (4 bytes).
    Removing stm32l152_glass_lcd.o(.revsh_text), (4 bytes).
    Removing stm32l152_glass_lcd.o(.rrx_text), (6 bytes).
    Removing stm32l152_glass_lcd.o(i.LCD_GLASS_BarLevelConfig), (200 bytes).
    Removing stm32l152_glass_lcd.o(i.LCD_GLASS_BlinkConfig), (40 bytes).
    Removing stm32l152_glass_lcd.o(i.LCD_GLASS_ClearBar), (108 bytes).
    Removing stm32l152_glass_lcd.o(i.LCD_GLASS_Contrast), (32 bytes).
    Removing stm32l152_glass_lcd.o(i.LCD_GLASS_DisplayBar), (108 bytes).
    Removing stm32l152_glass_lcd.o(i.LCD_GLASS_DisplayStrDeci), (112 bytes).
    Removing stm32l152_glass_lcd.o(i.LCD_GLASS_ScrollSentence), (208 bytes).
    Removing stm32l152_glass_lcd.o(.data), (2 bytes).
    Removing stm32l1xx_ll_utils.o(.rev16_text), (4 bytes).
    Removing stm32l1xx_ll_utils.o(.revsh_text), (4 bytes).
    Removing stm32l1xx_ll_utils.o(.rrx_text), (6 bytes).
    Removing stm32l1xx_ll_utils.o(i.LL_PLL_ConfigSystemClock_HSE), (152 bytes).
    Removing stm32l1xx_ll_utils.o(i.LL_PLL_ConfigSystemClock_HSI), (104 bytes).
    Removing stm32l1xx_ll_utils.o(i.LL_RCC_HSE_IsReady), (16 bytes).
    Removing stm32l1xx_ll_utils.o(i.LL_RCC_HSI_IsReady), (16 bytes).
    Removing stm32l1xx_ll_utils.o(i.LL_RCC_PLL_ConfigDomain_SYS), (28 bytes).
    Removing stm32l1xx_ll_utils.o(i.LL_RCC_PLL_IsReady), (16 bytes).
    Removing stm32l1xx_ll_utils.o(i.UTILS_EnablePLLAndSwitchSystem), (212 bytes).
    Removing stm32l1xx_ll_utils.o(i.UTILS_GetPLLOutputFrequency), (60 bytes).
    Removing stm32l1xx_ll_utils.o(i.UTILS_PLL_IsBusy), (16 bytes).
    Removing stm32l1xx_ll_utils.o(i.UTILS_SetFlashLatency), (152 bytes).
    Removing stm32l1xx_ll_gpio.o(.rev16_text), (4 bytes).
    Removing stm32l1xx_ll_gpio.o(.revsh_text), (4 bytes).
    Removing stm32l1xx_ll_gpio.o(.rrx_text), (6 bytes).
    Removing stm32l1xx_ll_gpio.o(i.LL_AHB1_GRP1_ForceReset), (16 bytes).
    Removing stm32l1xx_ll_gpio.o(i.LL_AHB1_GRP1_ReleaseReset), (16 bytes).
    Removing stm32l1xx_ll_gpio.o(i.LL_GPIO_DeInit), (156 bytes).
    Removing stm32l1xx_ll_gpio.o(i.LL_GPIO_StructInit), (22 bytes).
    Removing stm32l1xx_ll_rcc.o(.rev16_text), (4 bytes).
    Removing stm32l1xx_ll_rcc.o(.revsh_text), (4 bytes).
    Removing stm32l1xx_ll_rcc.o(.rrx_text), (6 bytes).
    Removing stm32l1xx_ll_rcc.o(i.LL_RCC_DeInit), (192 bytes).
    Removing stm32l1xx_ll_rcc.o(i.LL_RCC_GetSystemClocksFreq), (36 bytes).
    Removing stm32l1xx_ll_rcc.o(i.RCC_GetHCLKClockFreq), (32 bytes).
    Removing stm32l1xx_ll_rcc.o(i.RCC_GetPCLK1ClockFreq), (36 bytes).
    Removing stm32l1xx_ll_rcc.o(i.RCC_GetPCLK2ClockFreq), (36 bytes).
    Removing stm32l1xx_ll_rcc.o(i.RCC_GetSystemClockFreq), (136 bytes).
    Removing stm32l1xx_ll_rcc.o(i.RCC_PLL_GetFreqDomain_SYS), (120 bytes).
    Removing stm32l1xx_ll_pwr.o(.rev16_text), (4 bytes).
    Removing stm32l1xx_ll_pwr.o(.revsh_text), (4 bytes).
    Removing stm32l1xx_ll_pwr.o(.rrx_text), (6 bytes).
    Removing stm32l1xx_ll_pwr.o(i.LL_PWR_DeInit), (36 bytes).
    Removing stm32l1xx_ll_lcd.o(.rev16_text), (4 bytes).
    Removing stm32l1xx_ll_lcd.o(.revsh_text), (4 bytes).
    Removing stm32l1xx_ll_lcd.o(.rrx_text), (6 bytes).
    Removing stm32l1xx_ll_lcd.o(i.LL_LCD_DeInit), (44 bytes).
    Removing stm32l1xx_ll_lcd.o(i.LL_LCD_MspDeInit), (2 bytes).
    Removing stm32l1xx_ll_lcd.o(i.LL_LCD_MspInit), (2 bytes).
    Removing stm32l1xx_ll_usart.o(.rev16_text), (4 bytes).
    Removing stm32l1xx_ll_usart.o(.revsh_text), (4 bytes).
    Removing stm32l1xx_ll_usart.o(.rrx_text), (6 bytes).
    Removing stm32l1xx_ll_usart.o(i.LL_APB1_GRP1_ForceReset), (16 bytes).
    Removing stm32l1xx_ll_usart.o(i.LL_APB1_GRP1_ReleaseReset), (16 bytes).
    Removing stm32l1xx_ll_usart.o(i.LL_USART_ClockInit), (66 bytes).
    Removing stm32l1xx_ll_usart.o(i.LL_USART_ClockStructInit), (12 bytes).
    Removing stm32l1xx_ll_usart.o(i.LL_USART_DeInit), (112 bytes).
    Removing stm32l1xx_ll_usart.o(i.LL_USART_Init), (152 bytes).
    Removing stm32l1xx_ll_usart.o(i.LL_USART_IsEnabled), (10 bytes).
    Removing stm32l1xx_ll_usart.o(i.LL_USART_SetBaudRate), (322 bytes).
    Removing stm32l1xx_ll_usart.o(i.LL_USART_StructInit), (26 bytes).

71 unused section(s) (total 3571 bytes) removed from the image.

==============================================================================

Image Symbol Table

    Local Symbols

    Symbol Name                              Value     Ov Type        Size  Object(Section)

    ../clib/angel/boardlib.s                 0x00000000   Number         0  boardinit3.o ABSOLUTE
    ../clib/angel/boardlib.s                 0x00000000   Number         0  boardinit2.o ABSOLUTE
    ../clib/angel/boardlib.s                 0x00000000   Number         0  boardshut.o ABSOLUTE
    ../clib/angel/boardlib.s                 0x00000000   Number         0  boardinit1.o ABSOLUTE
    ../clib/angel/handlers.s                 0x00000000   Number         0  __scatter_zi.o ABSOLUTE
    ../clib/angel/handlers.s                 0x00000000   Number         0  __scatter_copy.o ABSOLUTE
    ../clib/angel/kernel.s                   0x00000000   Number         0  rtexit.o ABSOLUTE
    ../clib/angel/kernel.s                   0x00000000   Number         0  __rtentry.o ABSOLUTE
    ../clib/angel/kernel.s                   0x00000000   Number         0  __rtentry2.o ABSOLUTE
    ../clib/angel/kernel.s                   0x00000000   Number         0  __rtentry4.o ABSOLUTE
    ../clib/angel/kernel.s                   0x00000000   Number         0  rtexit2.o ABSOLUTE
    ../clib/angel/rt.s                       0x00000000   Number         0  rt_raise.o ABSOLUTE
    ../clib/angel/scatter.s                  0x00000000   Number         0  __scatter.o ABSOLUTE
    ../clib/angel/startup.s                  0x00000000   Number         0  __main.o ABSOLUTE
    ../clib/angel/sys.s                      0x00000000   Number         0  indicate_semi.o ABSOLUTE
    ../clib/angel/sys.s                      0x00000000   Number         0  use_no_semi.o ABSOLUTE
    ../clib/angel/sys.s                      0x00000000   Number         0  sys_stackheap_outer.o ABSOLUTE
    ../clib/angel/sys.s                      0x00000000   Number         0  libspace.o ABSOLUTE
    ../clib/angel/sysapp.c                   0x00000000   Number         0  sys_wrch.o ABSOLUTE
    ../clib/angel/sysapp.c                   0x00000000   Number         0  sys_command.o ABSOLUTE
    ../clib/angel/sysapp.c                   0x00000000   Number         0  sys_exit.o ABSOLUTE
    ../clib/armsys.c                         0x00000000   Number         0  no_argv.o ABSOLUTE
    ../clib/armsys.c                         0x00000000   Number         0  _get_argv_nomalloc.o ABSOLUTE
    ../clib/armsys.c                         0x00000000   Number         0  argv_veneer.o ABSOLUTE
    ../clib/armsys.c                         0x00000000   Number         0  argv_veneer.o ABSOLUTE
    ../clib/heapalloc.c                      0x00000000   Number         0  hrguard.o ABSOLUTE
    ../clib/heapaux.c                        0x00000000   Number         0  heapauxi.o ABSOLUTE
    ../clib/libinit.s                        0x00000000   Number         0  libshutdown2.o ABSOLUTE
    ../clib/libinit.s                        0x00000000   Number         0  libinit2.o ABSOLUTE
    ../clib/libinit.s                        0x00000000   Number         0  libinit.o ABSOLUTE
    ../clib/libinit.s                        0x00000000   Number         0  libshutdown.o ABSOLUTE
    ../clib/memcpset.s                       0x00000000   Number         0  rt_memclr_w.o ABSOLUTE
    ../clib/printf.c                         0x00000000   Number         0  __printf_flags_ss_wp.o ABSOLUTE
    ../clib/printf.c                         0x00000000   Number         0  __printf_ss_wp.o ABSOLUTE
    ../clib/printf.c                         0x00000000   Number         0  __printf_flags_wp.o ABSOLUTE
    ../clib/printf.c                         0x00000000   Number         0  __printf_wp.o ABSOLUTE
    ../clib/printf.c                         0x00000000   Number         0  __printf_flags_ss.o ABSOLUTE
    ../clib/printf.c                         0x00000000   Number         0  __printf_ss.o ABSOLUTE
    ../clib/printf.c                         0x00000000   Number         0  __printf_flags.o ABSOLUTE
    ../clib/printf.c                         0x00000000   Number         0  _printf_dec.o ABSOLUTE
    ../clib/printf.c                         0x00000000   Number         0  __printf_nopercent.o ABSOLUTE
    ../clib/printf.c                         0x00000000   Number         0  noretval__2sprintf.o ABSOLUTE
    ../clib/printf.c                         0x00000000   Number         0  __2sprintf.o ABSOLUTE
    ../clib/printf.c                         0x00000000   Number         0  _printf_char_common.o ABSOLUTE
    ../clib/printf.c                         0x00000000   Number         0  _printf_intcommon.o ABSOLUTE
    ../clib/printf.c                         0x00000000   Number         0  _sputc.o ABSOLUTE
    ../clib/printf.c                         0x00000000   Number         0  __printf.o ABSOLUTE
    ../clib/printf_percent.s                 0x00000000   Number         0  _printf_percent.o ABSOLUTE
    ../clib/printf_percent.s                 0x00000000   Number         0  _printf_d.o ABSOLUTE
    ../clib/printf_percent.s                 0x00000000   Number         0  _printf_percent_end.o ABSOLUTE
    ../clib/signal.c                         0x00000000   Number         0  defsig_rtmem_formal.o ABSOLUTE
    ../clib/signal.c                         0x00000000   Number         0  defsig_general.o ABSOLUTE
    ../clib/signal.c                         0x00000000   Number         0  defsig_rtmem_outer.o ABSOLUTE
    ../clib/signal.c                         0x00000000   Number         0  defsig_exit.o ABSOLUTE
    ../clib/signal.c                         0x00000000   Number         0  defsig_rtmem_inner.o ABSOLUTE
    ../clib/signal.c                         0x00000000   Number         0  __raise.o ABSOLUTE
    ../clib/signal.c                         0x00000000   Number         0  defsig_abrt_inner.o ABSOLUTE
    ../clib/signal.c                         0x00000000   Number         0  defsig_fpe_inner.o ABSOLUTE
    ../clib/signal.c                         0x00000000   Number         0  defsig_rtred_inner.o ABSOLUTE
    ../clib/signal.c                         0x00000000   Number         0  defsig_stak_inner.o ABSOLUTE
    ../clib/signal.c                         0x00000000   Number         0  defsig_pvfn_inner.o ABSOLUTE
    ../clib/signal.c                         0x00000000   Number         0  defsig_cppl_inner.o ABSOLUTE
    ../clib/signal.c                         0x00000000   Number         0  defsig_segv_inner.o ABSOLUTE
    ../clib/signal.c                         0x00000000   Number         0  defsig_other.o ABSOLUTE
    ../clib/signal.s                         0x00000000   Number         0  defsig.o ABSOLUTE
    ../clib/stdlib.c                         0x00000000   Number         0  exit.o ABSOLUTE
    ../fplib/fpinit.s                        0x00000000   Number         0  fpinit.o ABSOLUTE
    ..\..\Drivers\BSP\STM32L152C-Discovery\stm32l152_glass_lcd.c 0x00000000   Number         0  stm32l152_glass_lcd.o ABSOLUTE
    ..\..\Drivers\CMSIS\Device\ST\STM32L1xx\Source\Templates\arm\startup_stm32l152xb.s 0x00000000   Number         0  startup_stm32l152xb.o ABSOLUTE
    ..\..\Drivers\CMSIS\Device\ST\STM32L1xx\Source\Templates\system_stm32l1xx.c 0x00000000   Number         0  system_stm32l1xx.o ABSOLUTE
    ..\..\Drivers\STM32L1xx_HAL_Driver\Src\stm32l1xx_ll_gpio.c 0x00000000   Number         0  stm32l1xx_ll_gpio.o ABSOLUTE
    ..\..\Drivers\STM32L1xx_HAL_Driver\Src\stm32l1xx_ll_lcd.c 0x00000000   Number         0  stm32l1xx_ll_lcd.o ABSOLUTE
    ..\..\Drivers\STM32L1xx_HAL_Driver\Src\stm32l1xx_ll_pwr.c 0x00000000   Number         0  stm32l1xx_ll_pwr.o ABSOLUTE
    ..\..\Drivers\STM32L1xx_HAL_Driver\Src\stm32l1xx_ll_rcc.c 0x00000000   Number         0  stm32l1xx_ll_rcc.o ABSOLUTE
    ..\..\Drivers\STM32L1xx_HAL_Driver\Src\stm32l1xx_ll_usart.c 0x00000000   Number         0  stm32l1xx_ll_usart.o ABSOLUTE
    ..\..\Drivers\STM32L1xx_HAL_Driver\Src\stm32l1xx_ll_utils.c 0x00000000   Number         0  stm32l1xx_ll_utils.o ABSOLUTE
    ..\\..\\Drivers\\BSP\\STM32L152C-Discovery\\stm32l152_glass_lcd.c 0x00000000   Number         0  stm32l152_glass_lcd.o ABSOLUTE
    ..\\..\\Drivers\\CMSIS\\Device\\ST\\STM32L1xx\\Source\\Templates\\system_stm32l1xx.c 0x00000000   Number         0  system_stm32l1xx.o ABSOLUTE
    ..\\..\\Drivers\\STM32L1xx_HAL_Driver\\Src\\stm32l1xx_ll_gpio.c 0x00000000   Number         0  stm32l1xx_ll_gpio.o ABSOLUTE
    ..\\..\\Drivers\\STM32L1xx_HAL_Driver\\Src\\stm32l1xx_ll_lcd.c 0x00000000   Number         0  stm32l1xx_ll_lcd.o ABSOLUTE
    ..\\..\\Drivers\\STM32L1xx_HAL_Driver\\Src\\stm32l1xx_ll_pwr.c 0x00000000   Number         0  stm32l1xx_ll_pwr.o ABSOLUTE
    ..\\..\\Drivers\\STM32L1xx_HAL_Driver\\Src\\stm32l1xx_ll_rcc.c 0x00000000   Number         0  stm32l1xx_ll_rcc.o ABSOLUTE
    ..\\..\\Drivers\\STM32L1xx_HAL_Driver\\Src\\stm32l1xx_ll_usart.c 0x00000000   Number         0  stm32l1xx_ll_usart.o ABSOLUTE
    ..\\..\\Drivers\\STM32L1xx_HAL_Driver\\Src\\stm32l1xx_ll_utils.c 0x00000000   Number         0  stm32l1xx_ll_utils.o ABSOLUTE
    ..\\src\\main.c                          0x00000000   Number         0  main.o ABSOLUTE
    ..\src\main.c                            0x00000000   Number         0  main.o ABSOLUTE
    dc.s                                     0x00000000   Number         0  dc.o ABSOLUTE
    RESET                                    0x08000000   Section      244  startup_stm32l152xb.o(RESET)
    !!!main                                  0x080000f4   Section        8  __main.o(!!!main)
    !!!scatter                               0x080000fc   Section       52  __scatter.o(!!!scatter)
    !!handler_copy                           0x08000130   Section       26  __scatter_copy.o(!!handler_copy)
    !!handler_zi                             0x0800014c   Section       28  __scatter_zi.o(!!handler_zi)
    .ARM.Collect$$_printf_percent$$00000000  0x08000168   Section        0  _printf_percent.o(.ARM.Collect$$_printf_percent$$00000000)
    .ARM.Collect$$_printf_percent$$00000009  0x08000168   Section        6  _printf_d.o(.ARM.Collect$$_printf_percent$$00000009)
    .ARM.Collect$$_printf_percent$$00000017  0x0800016e   Section        4  _printf_percent_end.o(.ARM.Collect$$_printf_percent$$00000017)
    .ARM.Collect$$libinit$$00000000          0x08000172   Section        2  libinit.o(.ARM.Collect$$libinit$$00000000)
    .ARM.Collect$$libinit$$00000002          0x08000174   Section        0  libinit2.o(.ARM.Collect$$libinit$$00000002)
    .ARM.Collect$$libinit$$00000004          0x08000174   Section        0  libinit2.o(.ARM.Collect$$libinit$$00000004)
    .ARM.Collect$$libinit$$0000000A          0x08000174   Section        0  libinit2.o(.ARM.Collect$$libinit$$0000000A)
    .ARM.Collect$$libinit$$0000000C          0x08000174   Section        0  libinit2.o(.ARM.Collect$$libinit$$0000000C)
    .ARM.Collect$$libinit$$0000000E          0x08000174   Section        0  libinit2.o(.ARM.Collect$$libinit$$0000000E)
    .ARM.Collect$$libinit$$00000011          0x08000174   Section        0  libinit2.o(.ARM.Collect$$libinit$$00000011)
    .ARM.Collect$$libinit$$00000013          0x08000174   Section        0  libinit2.o(.ARM.Collect$$libinit$$00000013)
    .ARM.Collect$$libinit$$00000015          0x08000174   Section        0  libinit2.o(.ARM.Collect$$libinit$$00000015)
    .ARM.Collect$$libinit$$00000017          0x08000174   Section        0  libinit2.o(.ARM.Collect$$libinit$$00000017)
    .ARM.Collect$$libinit$$00000019          0x08000174   Section        0  libinit2.o(.ARM.Collect$$libinit$$00000019)
    .ARM.Collect$$libinit$$0000001B          0x08000174   Section        0  libinit2.o(.ARM.Collect$$libinit$$0000001B)
    .ARM.Collect$$libinit$$0000001D          0x08000174   Section        0  libinit2.o(.ARM.Collect$$libinit$$0000001D)
    .ARM.Collect$$libinit$$0000001F          0x08000174   Section        0  libinit2.o(.ARM.Collect$$libinit$$0000001F)
    .ARM.Collect$$libinit$$00000021          0x08000174   Section        0  libinit2.o(.ARM.Collect$$libinit$$00000021)
    .ARM.Collect$$libinit$$00000023          0x08000174   Section        0  libinit2.o(.ARM.Collect$$libinit$$00000023)
    .ARM.Collect$$libinit$$00000025          0x08000174   Section        0  libinit2.o(.ARM.Collect$$libinit$$00000025)
    .ARM.Collect$$libinit$$0000002C          0x08000174   Section        0  libinit2.o(.ARM.Collect$$libinit$$0000002C)
    .ARM.Collect$$libinit$$0000002E          0x08000174   Section        0  libinit2.o(.ARM.Collect$$libinit$$0000002E)
    .ARM.Collect$$libinit$$00000030          0x08000174   Section        0  libinit2.o(.ARM.Collect$$libinit$$00000030)
    .ARM.Collect$$libinit$$00000032          0x08000174   Section        0  libinit2.o(.ARM.Collect$$libinit$$00000032)
    .ARM.Collect$$libinit$$00000033          0x08000174   Section        2  libinit2.o(.ARM.Collect$$libinit$$00000033)
    .ARM.Collect$$libshutdown$$00000000      0x08000176   Section        2  libshutdown.o(.ARM.Collect$$libshutdown$$00000000)
    .ARM.Collect$$libshutdown$$00000002      0x08000178   Section        0  libshutdown2.o(.ARM.Collect$$libshutdown$$00000002)
    .ARM.Collect$$libshutdown$$00000004      0x08000178   Section        0  libshutdown2.o(.ARM.Collect$$libshutdown$$00000004)
    .ARM.Collect$$libshutdown$$00000006      0x08000178   Section        0  libshutdown2.o(.ARM.Collect$$libshutdown$$00000006)
    .ARM.Collect$$libshutdown$$00000009      0x08000178   Section        0  libshutdown2.o(.ARM.Collect$$libshutdown$$00000009)
    .ARM.Collect$$libshutdown$$0000000C      0x08000178   Section        0  libshutdown2.o(.ARM.Collect$$libshutdown$$0000000C)
    .ARM.Collect$$libshutdown$$0000000E      0x08000178   Section        0  libshutdown2.o(.ARM.Collect$$libshutdown$$0000000E)
    .ARM.Collect$$libshutdown$$00000011      0x08000178   Section        0  libshutdown2.o(.ARM.Collect$$libshutdown$$00000011)
    .ARM.Collect$$libshutdown$$00000012      0x08000178   Section        2  libshutdown2.o(.ARM.Collect$$libshutdown$$00000012)
    .ARM.Collect$$rtentry$$00000000          0x0800017a   Section        0  __rtentry.o(.ARM.Collect$$rtentry$$00000000)
    .ARM.Collect$$rtentry$$00000002          0x0800017a   Section        0  __rtentry2.o(.ARM.Collect$$rtentry$$00000002)
    .ARM.Collect$$rtentry$$00000004          0x0800017a   Section        6  __rtentry4.o(.ARM.Collect$$rtentry$$00000004)
    .ARM.Collect$$rtentry$$00000009          0x08000180   Section        0  __rtentry2.o(.ARM.Collect$$rtentry$$00000009)
    .ARM.Collect$$rtentry$$0000000A          0x08000180   Section        4  __rtentry2.o(.ARM.Collect$$rtentry$$0000000A)
    .ARM.Collect$$rtentry$$0000000C          0x08000184   Section        0  __rtentry2.o(.ARM.Collect$$rtentry$$0000000C)
    .ARM.Collect$$rtentry$$0000000D          0x08000184   Section        8  __rtentry2.o(.ARM.Collect$$rtentry$$0000000D)
    .ARM.Collect$$rtexit$$00000000           0x0800018c   Section        2  rtexit.o(.ARM.Collect$$rtexit$$00000000)
    .ARM.Collect$$rtexit$$00000002           0x0800018e   Section        0  rtexit2.o(.ARM.Collect$$rtexit$$00000002)
    .ARM.Collect$$rtexit$$00000003           0x0800018e   Section        4  rtexit2.o(.ARM.Collect$$rtexit$$00000003)
    .ARM.Collect$$rtexit$$00000004           0x08000192   Section        6  rtexit2.o(.ARM.Collect$$rtexit$$00000004)
    .text                                    0x08000198   Section       64  startup_stm32l152xb.o(.text)
    .text                                    0x080001d8   Section        0  noretval__2sprintf.o(.text)
    .text                                    0x08000200   Section        0  __printf.o(.text)
    .text                                    0x08000268   Section        0  _printf_dec.o(.text)
    .text                                    0x080002e0   Section       78  rt_memclr_w.o(.text)
    .text                                    0x0800032e   Section        0  heapauxi.o(.text)
    .text                                    0x08000334   Section        0  _printf_intcommon.o(.text)
    .text                                    0x080003e8   Section        0  _printf_char_common.o(.text)
    _printf_input_char                       0x080003e9   Thumb Code    10  _printf_char_common.o(.text)
    .text                                    0x08000418   Section        0  _sputc.o(.text)
    .text                                    0x08000422   Section       74  sys_stackheap_outer.o(.text)
    .text                                    0x0800046c   Section        0  exit.o(.text)
    .text                                    0x08000480   Section        8  libspace.o(.text)
    .text                                    0x08000488   Section        0  sys_exit.o(.text)
    .text                                    0x08000494   Section        2  use_no_semi.o(.text)
    .text                                    0x08000496   Section        0  indicate_semi.o(.text)
    i.Convert                                0x08000498   Section        0  stm32l152_glass_lcd.o(i.Convert)
    Convert                                  0x08000499   Thumb Code   196  stm32l152_glass_lcd.o(i.Convert)
    i.DHT11_read                             0x08000568   Section        0  main.o(i.DHT11_read)
    i.DHT_Set_Pin_Input                      0x08000680   Section        0  main.o(i.DHT_Set_Pin_Input)
    i.DHT_Set_Pin_Output                     0x080006a4   Section        0  main.o(i.DHT_Set_Pin_Output)
    i.EXTI0_IRQHandler                       0x080006c8   Section        0  main.o(i.EXTI0_IRQHandler)
    i.EXTI_Init                              0x080006fc   Section        0  main.o(i.EXTI_Init)
    i.GPIO_Init                              0x0800077c   Section        0  main.o(i.GPIO_Init)
    i.LCD_GLASS_Clear                        0x08000814   Section        0  stm32l152_glass_lcd.o(i.LCD_GLASS_Clear)
    i.LCD_GLASS_DisplayChar                  0x0800081c   Section        0  stm32l152_glass_lcd.o(i.LCD_GLASS_DisplayChar)
    i.LCD_GLASS_DisplayString                0x08000de4   Section        0  stm32l152_glass_lcd.o(i.LCD_GLASS_DisplayString)
    i.LCD_GLASS_Init                         0x08000e20   Section        0  stm32l152_glass_lcd.o(i.LCD_GLASS_Init)
    i.LCD_GLASS_WriteChar                    0x08000e6c   Section        0  stm32l152_glass_lcd.o(i.LCD_GLASS_WriteChar)
    i.LCD_MspInit                            0x08000e88   Section        0  stm32l152_glass_lcd.o(i.LCD_MspInit)
    LCD_MspInit                              0x08000e89   Thumb Code   226  stm32l152_glass_lcd.o(i.LCD_MspInit)
    i.LCD_WaitForSynchro                     0x08000f80   Section        0  stm32l1xx_ll_lcd.o(i.LCD_WaitForSynchro)
    i.LL_AHB1_GRP1_EnableClock               0x08000f98   Section        0  main.o(i.LL_AHB1_GRP1_EnableClock)
    LL_AHB1_GRP1_EnableClock                 0x08000f99   Thumb Code    24  main.o(i.LL_AHB1_GRP1_EnableClock)
    i.LL_AHB1_GRP1_EnableClock               0x08000fb4   Section        0  stm32l152_glass_lcd.o(i.LL_AHB1_GRP1_EnableClock)
    LL_AHB1_GRP1_EnableClock                 0x08000fb5   Thumb Code    24  stm32l152_glass_lcd.o(i.LL_AHB1_GRP1_EnableClock)
    i.LL_APB1_GRP1_EnableClock               0x08000fd0   Section        0  stm32l152_glass_lcd.o(i.LL_APB1_GRP1_EnableClock)
    LL_APB1_GRP1_EnableClock                 0x08000fd1   Thumb Code    24  stm32l152_glass_lcd.o(i.LL_APB1_GRP1_EnableClock)
    i.LL_GPIO_Init                           0x08000fec   Section        0  stm32l1xx_ll_gpio.o(i.LL_GPIO_Init)
    i.LL_GPIO_IsInputPinSet                  0x08001130   Section        0  main.o(i.LL_GPIO_IsInputPinSet)
    LL_GPIO_IsInputPinSet                    0x08001131   Thumb Code    18  main.o(i.LL_GPIO_IsInputPinSet)
    i.LL_GPIO_ResetOutputPin                 0x08001142   Section        0  main.o(i.LL_GPIO_ResetOutputPin)
    LL_GPIO_ResetOutputPin                   0x08001143   Thumb Code     6  main.o(i.LL_GPIO_ResetOutputPin)
    i.LL_GPIO_SetOutputPin                   0x08001148   Section        0  main.o(i.LL_GPIO_SetOutputPin)
    LL_GPIO_SetOutputPin                     0x08001149   Thumb Code     4  main.o(i.LL_GPIO_SetOutputPin)
    i.LL_Init1msTick                         0x0800114c   Section        0  stm32l1xx_ll_utils.o(i.LL_Init1msTick)
    i.LL_LCD_Clear                           0x08001168   Section        0  stm32l1xx_ll_lcd.o(i.LL_LCD_Clear)
    i.LL_LCD_Init                            0x0800119c   Section        0  stm32l1xx_ll_lcd.o(i.LL_LCD_Init)
    i.LL_LCD_UpdateDisplayRequest            0x08001250   Section        0  stm32l1xx_ll_lcd.o(i.LL_LCD_UpdateDisplayRequest)
    i.LL_LCD_Write                           0x0800127c   Section        0  stm32l1xx_ll_lcd.o(i.LL_LCD_Write)
    i.LL_RCC_HSI_IsReady                     0x080012ac   Section        0  main.o(i.LL_RCC_HSI_IsReady)
    LL_RCC_HSI_IsReady                       0x080012ad   Thumb Code    10  main.o(i.LL_RCC_HSI_IsReady)
    i.LL_RCC_LSE_IsReady                     0x080012bc   Section        0  stm32l152_glass_lcd.o(i.LL_RCC_LSE_IsReady)
    LL_RCC_LSE_IsReady                       0x080012bd   Thumb Code    10  stm32l152_glass_lcd.o(i.LL_RCC_LSE_IsReady)
    i.LL_SetSystemCoreClock                  0x080012cc   Section        0  stm32l1xx_ll_utils.o(i.LL_SetSystemCoreClock)
    i.LL_mDelay                              0x080012d8   Section        0  stm32l1xx_ll_utils.o(i.LL_mDelay)
    i.SystemClock_Config                     0x08001300   Section        0  main.o(i.SystemClock_Config)
    i.SystemInit                             0x08001444   Section        0  system_stm32l1xx.o(i.SystemInit)
    i.delay40us                              0x080014a8   Section        0  main.o(i.delay40us)
    i.main                                   0x080014b4   Section        0  main.o(i.main)
    .constdata                               0x0800156c   Section       72  stm32l152_glass_lcd.o(.constdata)
    .data                                    0x20000000   Section        4  system_stm32l1xx.o(.data)
    .data                                    0x20000004   Section       24  main.o(.data)
    .bss                                     0x2000001c   Section       64  stm32l152_glass_lcd.o(.bss)
    .bss                                     0x2000005c   Section       96  libspace.o(.bss)
    HEAP                                     0x200000c0   Section      512  startup_stm32l152xb.o(HEAP)
    Heap_Mem                                 0x200000c0   Data         512  startup_stm32l152xb.o(HEAP)
    STACK                                    0x200002c0   Section     1024  startup_stm32l152xb.o(STACK)
    Stack_Mem                                0x200002c0   Data        1024  startup_stm32l152xb.o(STACK)
    __initial_sp                             0x200006c0   Data           0  startup_stm32l152xb.o(STACK)

    Global Symbols

    Symbol Name                              Value     Ov Type        Size  Object(Section)

    BuildAttributes$$THM_ISAv4$P$D$K$B$S$PE$A:L22UL41UL21$X:L11$S22US41US21$IEEE1$IW$USESV6$~STKCKD$USESV7$~SHL$OSPACE$ROPI$EBA8$UX$STANDARDLIB$REQ8$PRES8$EABIv2 0x00000000   Number         0  anon$$obj.o ABSOLUTE
    __ARM_use_no_argv                        0x00000000   Number         0  main.o ABSOLUTE
    __ARM_exceptions_init                     - Undefined Weak Reference
    __alloca_initialize                       - Undefined Weak Reference
    __arm_fini_                               - Undefined Weak Reference
    __arm_preinit_                            - Undefined Weak Reference
    __cpp_initialize__aeabi_                  - Undefined Weak Reference
    __cxa_finalize                            - Undefined Weak Reference
    __rt_locale                               - Undefined Weak Reference
    __sigvec_lookup                           - Undefined Weak Reference
    _atexit_init                              - Undefined Weak Reference
    _call_atexit_fns                          - Undefined Weak Reference
    _clock_init                               - Undefined Weak Reference
    _fp_trap_init                             - Undefined Weak Reference
    _fp_trap_shutdown                         - Undefined Weak Reference
    _get_lc_collate                           - Undefined Weak Reference
    _get_lc_ctype                             - Undefined Weak Reference
    _get_lc_monetary                          - Undefined Weak Reference
    _get_lc_numeric                           - Undefined Weak Reference
    _get_lc_time                              - Undefined Weak Reference
    _getenv_init                              - Undefined Weak Reference
    _handle_redirection                       - Undefined Weak Reference
    _init_alloc                               - Undefined Weak Reference
    _init_user_alloc                          - Undefined Weak Reference
    _initio                                   - Undefined Weak Reference
    _printf_post_padding                      - Undefined Weak Reference
    _printf_pre_padding                       - Undefined Weak Reference
    _printf_truncate_signed                   - Undefined Weak Reference
    _printf_truncate_unsigned                 - Undefined Weak Reference
    _rand_init                                - Undefined Weak Reference
    _signal_finish                            - Undefined Weak Reference
    _signal_init                              - Undefined Weak Reference
    _terminate_alloc                          - Undefined Weak Reference
    _terminate_user_alloc                     - Undefined Weak Reference
    _terminateio                              - Undefined Weak Reference
    __Vectors_Size                           0x000000f4   Number         0  startup_stm32l152xb.o ABSOLUTE
    __Vectors                                0x08000000   Data           4  startup_stm32l152xb.o(RESET)
    __Vectors_End                            0x080000f4   Data           0  startup_stm32l152xb.o(RESET)
    __main                                   0x080000f5   Thumb Code     8  __main.o(!!!main)
    __scatterload                            0x080000fd   Thumb Code     0  __scatter.o(!!!scatter)
    __scatterload_rt2                        0x080000fd   Thumb Code    44  __scatter.o(!!!scatter)
    __scatterload_rt2_thumb_only             0x080000fd   Thumb Code     0  __scatter.o(!!!scatter)
    __scatterload_null                       0x0800010b   Thumb Code     0  __scatter.o(!!!scatter)
    __scatterload_copy                       0x08000131   Thumb Code    26  __scatter_copy.o(!!handler_copy)
    __scatterload_zeroinit                   0x0800014d   Thumb Code    28  __scatter_zi.o(!!handler_zi)
    _printf_d                                0x08000169   Thumb Code     0  _printf_d.o(.ARM.Collect$$_printf_percent$$00000009)
    _printf_percent                          0x08000169   Thumb Code     0  _printf_percent.o(.ARM.Collect$$_printf_percent$$00000000)
    _printf_percent_end                      0x0800016f   Thumb Code     0  _printf_percent_end.o(.ARM.Collect$$_printf_percent$$00000017)
    __rt_lib_init                            0x08000173   Thumb Code     0  libinit.o(.ARM.Collect$$libinit$$00000000)
    __rt_lib_init_alloca_1                   0x08000175   Thumb Code     0  libinit2.o(.ARM.Collect$$libinit$$0000002E)
    __rt_lib_init_argv_1                     0x08000175   Thumb Code     0  libinit2.o(.ARM.Collect$$libinit$$0000002C)
    __rt_lib_init_atexit_1                   0x08000175   Thumb Code     0  libinit2.o(.ARM.Collect$$libinit$$0000001B)
    __rt_lib_init_clock_1                    0x08000175   Thumb Code     0  libinit2.o(.ARM.Collect$$libinit$$00000021)
    __rt_lib_init_cpp_1                      0x08000175   Thumb Code     0  libinit2.o(.ARM.Collect$$libinit$$00000032)
    __rt_lib_init_exceptions_1               0x08000175   Thumb Code     0  libinit2.o(.ARM.Collect$$libinit$$00000030)
    __rt_lib_init_fp_1                       0x08000175   Thumb Code     0  libinit2.o(.ARM.Collect$$libinit$$00000002)
    __rt_lib_init_fp_trap_1                  0x08000175   Thumb Code     0  libinit2.o(.ARM.Collect$$libinit$$0000001F)
    __rt_lib_init_getenv_1                   0x08000175   Thumb Code     0  libinit2.o(.ARM.Collect$$libinit$$00000023)
    __rt_lib_init_heap_1                     0x08000175   Thumb Code     0  libinit2.o(.ARM.Collect$$libinit$$0000000A)
    __rt_lib_init_lc_collate_1               0x08000175   Thumb Code     0  libinit2.o(.ARM.Collect$$libinit$$00000011)
    __rt_lib_init_lc_ctype_1                 0x08000175   Thumb Code     0  libinit2.o(.ARM.Collect$$libinit$$00000013)
    __rt_lib_init_lc_monetary_1              0x08000175   Thumb Code     0  libinit2.o(.ARM.Collect$$libinit$$00000015)
    __rt_lib_init_lc_numeric_1               0x08000175   Thumb Code     0  libinit2.o(.ARM.Collect$$libinit$$00000017)
    __rt_lib_init_lc_time_1                  0x08000175   Thumb Code     0  libinit2.o(.ARM.Collect$$libinit$$00000019)
    __rt_lib_init_preinit_1                  0x08000175   Thumb Code     0  libinit2.o(.ARM.Collect$$libinit$$00000004)
    __rt_lib_init_rand_1                     0x08000175   Thumb Code     0  libinit2.o(.ARM.Collect$$libinit$$0000000E)
    __rt_lib_init_return                     0x08000175   Thumb Code     0  libinit2.o(.ARM.Collect$$libinit$$00000033)
    __rt_lib_init_signal_1                   0x08000175   Thumb Code     0  libinit2.o(.ARM.Collect$$libinit$$0000001D)
    __rt_lib_init_stdio_1                    0x08000175   Thumb Code     0  libinit2.o(.ARM.Collect$$libinit$$00000025)
    __rt_lib_init_user_alloc_1               0x08000175   Thumb Code     0  libinit2.o(.ARM.Collect$$libinit$$0000000C)
    __rt_lib_shutdown                        0x08000177   Thumb Code     0  libshutdown.o(.ARM.Collect$$libshutdown$$00000000)
    __rt_lib_shutdown_cpp_1                  0x08000179   Thumb Code     0  libshutdown2.o(.ARM.Collect$$libshutdown$$00000004)
    __rt_lib_shutdown_fini_1                 0x08000179   Thumb Code     0  libshutdown2.o(.ARM.Collect$$libshutdown$$00000002)
    __rt_lib_shutdown_fp_trap_1              0x08000179   Thumb Code     0  libshutdown2.o(.ARM.Collect$$libshutdown$$00000009)
    __rt_lib_shutdown_heap_1                 0x08000179   Thumb Code     0  libshutdown2.o(.ARM.Collect$$libshutdown$$00000011)
    __rt_lib_shutdown_return                 0x08000179   Thumb Code     0  libshutdown2.o(.ARM.Collect$$libshutdown$$00000012)
    __rt_lib_shutdown_signal_1               0x08000179   Thumb Code     0  libshutdown2.o(.ARM.Collect$$libshutdown$$0000000C)
    __rt_lib_shutdown_stdio_1                0x08000179   Thumb Code     0  libshutdown2.o(.ARM.Collect$$libshutdown$$00000006)
    __rt_lib_shutdown_user_alloc_1           0x08000179   Thumb Code     0  libshutdown2.o(.ARM.Collect$$libshutdown$$0000000E)
    __rt_entry                               0x0800017b   Thumb Code     0  __rtentry.o(.ARM.Collect$$rtentry$$00000000)
    __rt_entry_presh_1                       0x0800017b   Thumb Code     0  __rtentry2.o(.ARM.Collect$$rtentry$$00000002)
    __rt_entry_sh                            0x0800017b   Thumb Code     0  __rtentry4.o(.ARM.Collect$$rtentry$$00000004)
    __rt_entry_li                            0x08000181   Thumb Code     0  __rtentry2.o(.ARM.Collect$$rtentry$$0000000A)
    __rt_entry_postsh_1                      0x08000181   Thumb Code     0  __rtentry2.o(.ARM.Collect$$rtentry$$00000009)
    __rt_entry_main                          0x08000185   Thumb Code     0  __rtentry2.o(.ARM.Collect$$rtentry$$0000000D)
    __rt_entry_postli_1                      0x08000185   Thumb Code     0  __rtentry2.o(.ARM.Collect$$rtentry$$0000000C)
    __rt_exit                                0x0800018d   Thumb Code     0  rtexit.o(.ARM.Collect$$rtexit$$00000000)
    __rt_exit_ls                             0x0800018f   Thumb Code     0  rtexit2.o(.ARM.Collect$$rtexit$$00000003)
    __rt_exit_prels_1                        0x0800018f   Thumb Code     0  rtexit2.o(.ARM.Collect$$rtexit$$00000002)
    __rt_exit_exit                           0x08000193   Thumb Code     0  rtexit2.o(.ARM.Collect$$rtexit$$00000004)
    Reset_Handler                            0x08000199   Thumb Code     8  startup_stm32l152xb.o(.text)
    NMI_Handler                              0x080001a1   Thumb Code     2  startup_stm32l152xb.o(.text)
    HardFault_Handler                        0x080001a3   Thumb Code     2  startup_stm32l152xb.o(.text)
    MemManage_Handler                        0x080001a5   Thumb Code     2  startup_stm32l152xb.o(.text)
    BusFault_Handler                         0x080001a7   Thumb Code     2  startup_stm32l152xb.o(.text)
    UsageFault_Handler                       0x080001a9   Thumb Code     2  startup_stm32l152xb.o(.text)
    SVC_Handler                              0x080001ab   Thumb Code     2  startup_stm32l152xb.o(.text)
    DebugMon_Handler                         0x080001ad   Thumb Code     2  startup_stm32l152xb.o(.text)
    PendSV_Handler                           0x080001af   Thumb Code     2  startup_stm32l152xb.o(.text)
    SysTick_Handler                          0x080001b1   Thumb Code     2  startup_stm32l152xb.o(.text)
    ADC1_IRQHandler                          0x080001b3   Thumb Code     0  startup_stm32l152xb.o(.text)
    COMP_IRQHandler                          0x080001b3   Thumb Code     0  startup_stm32l152xb.o(.text)
    DAC_IRQHandler                           0x080001b3   Thumb Code     0  startup_stm32l152xb.o(.text)
    DMA1_Channel1_IRQHandler                 0x080001b3   Thumb Code     0  startup_stm32l152xb.o(.text)
    DMA1_Channel2_IRQHandler                 0x080001b3   Thumb Code     0  startup_stm32l152xb.o(.text)
    DMA1_Channel3_IRQHandler                 0x080001b3   Thumb Code     0  startup_stm32l152xb.o(.text)
    DMA1_Channel4_IRQHandler                 0x080001b3   Thumb Code     0  startup_stm32l152xb.o(.text)
    DMA1_Channel5_IRQHandler                 0x080001b3   Thumb Code     0  startup_stm32l152xb.o(.text)
    DMA1_Channel6_IRQHandler                 0x080001b3   Thumb Code     0  startup_stm32l152xb.o(.text)
    DMA1_Channel7_IRQHandler                 0x080001b3   Thumb Code     0  startup_stm32l152xb.o(.text)
    EXTI15_10_IRQHandler                     0x080001b3   Thumb Code     0  startup_stm32l152xb.o(.text)
    EXTI1_IRQHandler                         0x080001b3   Thumb Code     0  startup_stm32l152xb.o(.text)
    EXTI2_IRQHandler                         0x080001b3   Thumb Code     0  startup_stm32l152xb.o(.text)
    EXTI3_IRQHandler                         0x080001b3   Thumb Code     0  startup_stm32l152xb.o(.text)
    EXTI4_IRQHandler                         0x080001b3   Thumb Code     0  startup_stm32l152xb.o(.text)
    EXTI9_5_IRQHandler                       0x080001b3   Thumb Code     0  startup_stm32l152xb.o(.text)
    FLASH_IRQHandler                         0x080001b3   Thumb Code     0  startup_stm32l152xb.o(.text)
    I2C1_ER_IRQHandler                       0x080001b3   Thumb Code     0  startup_stm32l152xb.o(.text)
    I2C1_EV_IRQHandler                       0x080001b3   Thumb Code     0  startup_stm32l152xb.o(.text)
    I2C2_ER_IRQHandler                       0x080001b3   Thumb Code     0  startup_stm32l152xb.o(.text)
    I2C2_EV_IRQHandler                       0x080001b3   Thumb Code     0  startup_stm32l152xb.o(.text)
    LCD_IRQHandler                           0x080001b3   Thumb Code     0  startup_stm32l152xb.o(.text)
    PVD_IRQHandler                           0x080001b3   Thumb Code     0  startup_stm32l152xb.o(.text)
    RCC_IRQHandler                           0x080001b3   Thumb Code     0  startup_stm32l152xb.o(.text)
    RTC_Alarm_IRQHandler                     0x080001b3   Thumb Code     0  startup_stm32l152xb.o(.text)
    RTC_WKUP_IRQHandler                      0x080001b3   Thumb Code     0  startup_stm32l152xb.o(.text)
    SPI1_IRQHandler                          0x080001b3   Thumb Code     0  startup_stm32l152xb.o(.text)
    SPI2_IRQHandler                          0x080001b3   Thumb Code     0  startup_stm32l152xb.o(.text)
    TAMPER_STAMP_IRQHandler                  0x080001b3   Thumb Code     0  startup_stm32l152xb.o(.text)
    TIM10_IRQHandler                         0x080001b3   Thumb Code     0  startup_stm32l152xb.o(.text)
    TIM11_IRQHandler                         0x080001b3   Thumb Code     0  startup_stm32l152xb.o(.text)
    TIM2_IRQHandler                          0x080001b3   Thumb Code     0  startup_stm32l152xb.o(.text)
    TIM3_IRQHandler                          0x080001b3   Thumb Code     0  startup_stm32l152xb.o(.text)
    TIM4_IRQHandler                          0x080001b3   Thumb Code     0  startup_stm32l152xb.o(.text)
    TIM6_IRQHandler                          0x080001b3   Thumb Code     0  startup_stm32l152xb.o(.text)
    TIM7_IRQHandler                          0x080001b3   Thumb Code     0  startup_stm32l152xb.o(.text)
    TIM9_IRQHandler                          0x080001b3   Thumb Code     0  startup_stm32l152xb.o(.text)
    USART1_IRQHandler                        0x080001b3   Thumb Code     0  startup_stm32l152xb.o(.text)
    USART2_IRQHandler                        0x080001b3   Thumb Code     0  startup_stm32l152xb.o(.text)
    USART3_IRQHandler                        0x080001b3   Thumb Code     0  startup_stm32l152xb.o(.text)
    USB_FS_WKUP_IRQHandler                   0x080001b3   Thumb Code     0  startup_stm32l152xb.o(.text)
    USB_HP_IRQHandler                        0x080001b3   Thumb Code     0  startup_stm32l152xb.o(.text)
    USB_LP_IRQHandler                        0x080001b3   Thumb Code     0  startup_stm32l152xb.o(.text)
    WWDG_IRQHandler                          0x080001b3   Thumb Code     0  startup_stm32l152xb.o(.text)
    __user_initial_stackheap                 0x080001b5   Thumb Code     0  startup_stm32l152xb.o(.text)
    __2sprintf                               0x080001d9   Thumb Code    34  noretval__2sprintf.o(.text)
    __printf                                 0x08000201   Thumb Code   104  __printf.o(.text)
    _printf_int_dec                          0x08000269   Thumb Code   104  _printf_dec.o(.text)
    __aeabi_memclr4                          0x080002e1   Thumb Code     0  rt_memclr_w.o(.text)
    __aeabi_memclr8                          0x080002e1   Thumb Code     0  rt_memclr_w.o(.text)
    __rt_memclr_w                            0x080002e1   Thumb Code    78  rt_memclr_w.o(.text)
    _memset_w                                0x080002e5   Thumb Code     0  rt_memclr_w.o(.text)
    __use_two_region_memory                  0x0800032f   Thumb Code     2  heapauxi.o(.text)
    __rt_heap_escrow$2region                 0x08000331   Thumb Code     2  heapauxi.o(.text)
    __rt_heap_expand$2region                 0x08000333   Thumb Code     2  heapauxi.o(.text)
    _printf_int_common                       0x08000335   Thumb Code   178  _printf_intcommon.o(.text)
    _printf_char_common                      0x080003f3   Thumb Code    32  _printf_char_common.o(.text)
    _sputc                                   0x08000419   Thumb Code    10  _sputc.o(.text)
    __user_setup_stackheap                   0x08000423   Thumb Code    74  sys_stackheap_outer.o(.text)
    exit                                     0x0800046d   Thumb Code    18  exit.o(.text)
    __user_libspace                          0x08000481   Thumb Code     8  libspace.o(.text)
    __user_perproc_libspace                  0x08000481   Thumb Code     0  libspace.o(.text)
    __user_perthread_libspace                0x08000481   Thumb Code     0  libspace.o(.text)
    _sys_exit                                0x08000489   Thumb Code     8  sys_exit.o(.text)
    __I$use$semihosting                      0x08000495   Thumb Code     0  use_no_semi.o(.text)
    __use_no_semihosting_swi                 0x08000495   Thumb Code     2  use_no_semi.o(.text)
    __semihosting_library_function           0x08000497   Thumb Code     0  indicate_semi.o(.text)
    DHT11_read                               0x08000569   Thumb Code   260  main.o(i.DHT11_read)
    DHT_Set_Pin_Input                        0x08000681   Thumb Code    30  main.o(i.DHT_Set_Pin_Input)
    DHT_Set_Pin_Output                       0x080006a5   Thumb Code    32  main.o(i.DHT_Set_Pin_Output)
    EXTI0_IRQHandler                         0x080006c9   Thumb Code    42  main.o(i.EXTI0_IRQHandler)
    EXTI_Init                                0x080006fd   Thumb Code   108  main.o(i.EXTI_Init)
    GPIO_Init                                0x0800077d   Thumb Code   134  main.o(i.GPIO_Init)
    LCD_GLASS_Clear                          0x08000815   Thumb Code     8  stm32l152_glass_lcd.o(i.LCD_GLASS_Clear)
    LCD_GLASS_DisplayChar                    0x0800081d   Thumb Code  1476  stm32l152_glass_lcd.o(i.LCD_GLASS_DisplayChar)
    LCD_GLASS_DisplayString                  0x08000de5   Thumb Code    58  stm32l152_glass_lcd.o(i.LCD_GLASS_DisplayString)
    LCD_GLASS_Init                           0x08000e21   Thumb Code    70  stm32l152_glass_lcd.o(i.LCD_GLASS_Init)
    LCD_GLASS_WriteChar                      0x08000e6d   Thumb Code    28  stm32l152_glass_lcd.o(i.LCD_GLASS_WriteChar)
    LCD_WaitForSynchro                       0x08000f81   Thumb Code    18  stm32l1xx_ll_lcd.o(i.LCD_WaitForSynchro)
    LL_GPIO_Init                             0x08000fed   Thumb Code   324  stm32l1xx_ll_gpio.o(i.LL_GPIO_Init)
    LL_Init1msTick                           0x0800114d   Thumb Code    28  stm32l1xx_ll_utils.o(i.LL_Init1msTick)
    LL_LCD_Clear                             0x08001169   Thumb Code    46  stm32l1xx_ll_lcd.o(i.LL_LCD_Clear)
    LL_LCD_Init                              0x0800119d   Thumb Code   172  stm32l1xx_ll_lcd.o(i.LL_LCD_Init)
    LL_LCD_UpdateDisplayRequest              0x08001251   Thumb Code    38  stm32l1xx_ll_lcd.o(i.LL_LCD_UpdateDisplayRequest)
    LL_LCD_Write                             0x0800127d   Thumb Code    44  stm32l1xx_ll_lcd.o(i.LL_LCD_Write)
    LL_SetSystemCoreClock                    0x080012cd   Thumb Code     6  stm32l1xx_ll_utils.o(i.LL_SetSystemCoreClock)
    LL_mDelay                                0x080012d9   Thumb Code    40  stm32l1xx_ll_utils.o(i.LL_mDelay)
    SystemClock_Config                       0x08001301   Thumb Code   308  main.o(i.SystemClock_Config)
    SystemInit                               0x08001445   Thumb Code    82  system_stm32l1xx.o(i.SystemInit)
    delay40us                                0x080014a9   Thumb Code    12  main.o(i.delay40us)
    main                                     0x080014b5   Thumb Code   136  main.o(i.main)
    CapLetterMap                             0x0800156c   Data          52  stm32l152_glass_lcd.o(.constdata)
    NumberMap                                0x080015a0   Data          20  stm32l152_glass_lcd.o(.constdata)
    Region$$Table$$Base                      0x080015b4   Number         0  anon$$obj.o(Region$$Table)
    Region$$Table$$Limit                     0x080015d4   Number         0  anon$$obj.o(Region$$Table)
    SystemCoreClock                          0x20000000   Data           4  system_stm32l1xx.o(.data)
    status                                   0x20000004   Data           4  main.o(.data)
    time_x                                   0x20000008   Data           4  main.o(.data)
    humidity                                 0x2000000c   Data           4  main.o(.data)
    temperature                              0x20000010   Data           4  main.o(.data)
    s                                        0x20000014   Data           1  main.o(.data)
    disp_str                                 0x20000015   Data           7  main.o(.data)
    LCD_InitStructure                        0x2000001c   Data          48  stm32l152_glass_lcd.o(.bss)
    Digit                                    0x2000004c   Data          16  stm32l152_glass_lcd.o(.bss)
    __libspace_start                         0x2000005c   Data          96  libspace.o(.bss)
    __temporary_stack_top$libspace           0x200000bc   Data           0  libspace.o(.bss)



==============================================================================

Memory Map of the image

  Image Entry point : 0x08000199

  Load Region LR_1 (Base: 0x08000000, Size: 0x000015f0, Max: 0xffffffff, ABSOLUTE)

    Execution Region ER_RO (Exec base: 0x08000000, Load base: 0x08000000, Size: 0x000015d4, Max: 0xffffffff, ABSOLUTE)

    Exec Addr    Load Addr    Size         Type   Attr      Idx    E Section Name        Object

    0x08000000   0x08000000   0x000000f4   Data   RO           65    RESET               startup_stm32l152xb.o
    0x080000f4   0x080000f4   0x00000008   Code   RO          765  * !!!main             c_w.l(__main.o)
    0x080000fc   0x080000fc   0x00000034   Code   RO          933    !!!scatter          c_w.l(__scatter.o)
    0x08000130   0x08000130   0x0000001a   Code   RO          935    !!handler_copy      c_w.l(__scatter_copy.o)
    0x0800014a   0x0800014a   0x00000002   PAD
    0x0800014c   0x0800014c   0x0000001c   Code   RO          937    !!handler_zi        c_w.l(__scatter_zi.o)
    0x08000168   0x08000168   0x00000000   Code   RO          760    .ARM.Collect$$_printf_percent$$00000000  c_w.l(_printf_percent.o)
    0x08000168   0x08000168   0x00000006   Code   RO          759    .ARM.Collect$$_printf_percent$$00000009  c_w.l(_printf_d.o)
    0x0800016e   0x0800016e   0x00000004   Code   RO          774    .ARM.Collect$$_printf_percent$$00000017  c_w.l(_printf_percent_end.o)
    0x08000172   0x08000172   0x00000002   Code   RO          801    .ARM.Collect$$libinit$$00000000  c_w.l(libinit.o)
    0x08000174   0x08000174   0x00000000   Code   RO          808    .ARM.Collect$$libinit$$00000002  c_w.l(libinit2.o)
    0x08000174   0x08000174   0x00000000   Code   RO          810    .ARM.Collect$$libinit$$00000004  c_w.l(libinit2.o)
    0x08000174   0x08000174   0x00000000   Code   RO          813    .ARM.Collect$$libinit$$0000000A  c_w.l(libinit2.o)
    0x08000174   0x08000174   0x00000000   Code   RO          815    .ARM.Collect$$libinit$$0000000C  c_w.l(libinit2.o)
    0x08000174   0x08000174   0x00000000   Code   RO          817    .ARM.Collect$$libinit$$0000000E  c_w.l(libinit2.o)
    0x08000174   0x08000174   0x00000000   Code   RO          820    .ARM.Collect$$libinit$$00000011  c_w.l(libinit2.o)
    0x08000174   0x08000174   0x00000000   Code   RO          822    .ARM.Collect$$libinit$$00000013  c_w.l(libinit2.o)
    0x08000174   0x08000174   0x00000000   Code   RO          824    .ARM.Collect$$libinit$$00000015  c_w.l(libinit2.o)
    0x08000174   0x08000174   0x00000000   Code   RO          826    .ARM.Collect$$libinit$$00000017  c_w.l(libinit2.o)
    0x08000174   0x08000174   0x00000000   Code   RO          828    .ARM.Collect$$libinit$$00000019  c_w.l(libinit2.o)
    0x08000174   0x08000174   0x00000000   Code   RO          830    .ARM.Collect$$libinit$$0000001B  c_w.l(libinit2.o)
    0x08000174   0x08000174   0x00000000   Code   RO          832    .ARM.Collect$$libinit$$0000001D  c_w.l(libinit2.o)
    0x08000174   0x08000174   0x00000000   Code   RO          834    .ARM.Collect$$libinit$$0000001F  c_w.l(libinit2.o)
    0x08000174   0x08000174   0x00000000   Code   RO          836    .ARM.Collect$$libinit$$00000021  c_w.l(libinit2.o)
    0x08000174   0x08000174   0x00000000   Code   RO          838    .ARM.Collect$$libinit$$00000023  c_w.l(libinit2.o)
    0x08000174   0x08000174   0x00000000   Code   RO          840    .ARM.Collect$$libinit$$00000025  c_w.l(libinit2.o)
    0x08000174   0x08000174   0x00000000   Code   RO          844    .ARM.Collect$$libinit$$0000002C  c_w.l(libinit2.o)
    0x08000174   0x08000174   0x00000000   Code   RO          846    .ARM.Collect$$libinit$$0000002E  c_w.l(libinit2.o)
    0x08000174   0x08000174   0x00000000   Code   RO          848    .ARM.Collect$$libinit$$00000030  c_w.l(libinit2.o)
    0x08000174   0x08000174   0x00000000   Code   RO          850    .ARM.Collect$$libinit$$00000032  c_w.l(libinit2.o)
    0x08000174   0x08000174   0x00000002   Code   RO          851    .ARM.Collect$$libinit$$00000033  c_w.l(libinit2.o)
    0x08000176   0x08000176   0x00000002   Code   RO          871    .ARM.Collect$$libshutdown$$00000000  c_w.l(libshutdown.o)
    0x08000178   0x08000178   0x00000000   Code   RO          884    .ARM.Collect$$libshutdown$$00000002  c_w.l(libshutdown2.o)
    0x08000178   0x08000178   0x00000000   Code   RO          886    .ARM.Collect$$libshutdown$$00000004  c_w.l(libshutdown2.o)
    0x08000178   0x08000178   0x00000000   Code   RO          888    .ARM.Collect$$libshutdown$$00000006  c_w.l(libshutdown2.o)
    0x08000178   0x08000178   0x00000000   Code   RO          891    .ARM.Collect$$libshutdown$$00000009  c_w.l(libshutdown2.o)
    0x08000178   0x08000178   0x00000000   Code   RO          894    .ARM.Collect$$libshutdown$$0000000C  c_w.l(libshutdown2.o)
    0x08000178   0x08000178   0x00000000   Code   RO          896    .ARM.Collect$$libshutdown$$0000000E  c_w.l(libshutdown2.o)
    0x08000178   0x08000178   0x00000000   Code   RO          899    .ARM.Collect$$libshutdown$$00000011  c_w.l(libshutdown2.o)
    0x08000178   0x08000178   0x00000002   Code   RO          900    .ARM.Collect$$libshutdown$$00000012  c_w.l(libshutdown2.o)
    0x0800017a   0x0800017a   0x00000000   Code   RO          767    .ARM.Collect$$rtentry$$00000000  c_w.l(__rtentry.o)
    0x0800017a   0x0800017a   0x00000000   Code   RO          776    .ARM.Collect$$rtentry$$00000002  c_w.l(__rtentry2.o)
    0x0800017a   0x0800017a   0x00000006   Code   RO          788    .ARM.Collect$$rtentry$$00000004  c_w.l(__rtentry4.o)
    0x08000180   0x08000180   0x00000000   Code   RO          778    .ARM.Collect$$rtentry$$00000009  c_w.l(__rtentry2.o)
    0x08000180   0x08000180   0x00000004   Code   RO          779    .ARM.Collect$$rtentry$$0000000A  c_w.l(__rtentry2.o)
    0x08000184   0x08000184   0x00000000   Code   RO          781    .ARM.Collect$$rtentry$$0000000C  c_w.l(__rtentry2.o)
    0x08000184   0x08000184   0x00000008   Code   RO          782    .ARM.Collect$$rtentry$$0000000D  c_w.l(__rtentry2.o)
    0x0800018c   0x0800018c   0x00000002   Code   RO          805    .ARM.Collect$$rtexit$$00000000  c_w.l(rtexit.o)
    0x0800018e   0x0800018e   0x00000000   Code   RO          853    .ARM.Collect$$rtexit$$00000002  c_w.l(rtexit2.o)
    0x0800018e   0x0800018e   0x00000004   Code   RO          854    .ARM.Collect$$rtexit$$00000003  c_w.l(rtexit2.o)
    0x08000192   0x08000192   0x00000006   Code   RO          855    .ARM.Collect$$rtexit$$00000004  c_w.l(rtexit2.o)
    0x08000198   0x08000198   0x00000040   Code   RO           66  * .text               startup_stm32l152xb.o
    0x080001d8   0x080001d8   0x00000028   Code   RO          733    .text               c_w.l(noretval__2sprintf.o)
    0x08000200   0x08000200   0x00000068   Code   RO          735    .text               c_w.l(__printf.o)
    0x08000268   0x08000268   0x00000078   Code   RO          737    .text               c_w.l(_printf_dec.o)
    0x080002e0   0x080002e0   0x0000004e   Code   RO          761    .text               c_w.l(rt_memclr_w.o)
    0x0800032e   0x0800032e   0x00000006   Code   RO          763    .text               c_w.l(heapauxi.o)
    0x08000334   0x08000334   0x000000b2   Code   RO          768    .text               c_w.l(_printf_intcommon.o)
    0x080003e6   0x080003e6   0x00000002   PAD
    0x080003e8   0x080003e8   0x00000030   Code   RO          770    .text               c_w.l(_printf_char_common.o)
    0x08000418   0x08000418   0x0000000a   Code   RO          772    .text               c_w.l(_sputc.o)
    0x08000422   0x08000422   0x0000004a   Code   RO          792    .text               c_w.l(sys_stackheap_outer.o)
    0x0800046c   0x0800046c   0x00000012   Code   RO          794    .text               c_w.l(exit.o)
    0x0800047e   0x0800047e   0x00000002   PAD
    0x08000480   0x08000480   0x00000008   Code   RO          802    .text               c_w.l(libspace.o)
    0x08000488   0x08000488   0x0000000c   Code   RO          863    .text               c_w.l(sys_exit.o)
    0x08000494   0x08000494   0x00000002   Code   RO          874    .text               c_w.l(use_no_semi.o)
    0x08000496   0x08000496   0x00000000   Code   RO          876    .text               c_w.l(indicate_semi.o)
    0x08000496   0x08000496   0x00000002   PAD
    0x08000498   0x08000498   0x000000d0   Code   RO          212    i.Convert           stm32l152_glass_lcd.o
    0x08000568   0x08000568   0x00000118   Code   RO           73    i.DHT11_read        main.o
    0x08000680   0x08000680   0x00000024   Code   RO           74    i.DHT_Set_Pin_Input  main.o
    0x080006a4   0x080006a4   0x00000024   Code   RO           75    i.DHT_Set_Pin_Output  main.o
    0x080006c8   0x080006c8   0x00000034   Code   RO           76    i.EXTI0_IRQHandler  main.o
    0x080006fc   0x080006fc   0x00000080   Code   RO           77    i.EXTI_Init         main.o
    0x0800077c   0x0800077c   0x00000098   Code   RO           78    i.GPIO_Init         main.o
    0x08000814   0x08000814   0x00000008   Code   RO          215    i.LCD_GLASS_Clear   stm32l152_glass_lcd.o
    0x0800081c   0x0800081c   0x000005c8   Code   RO          219    i.LCD_GLASS_DisplayChar  stm32l152_glass_lcd.o
    0x08000de4   0x08000de4   0x0000003a   Code   RO          221    i.LCD_GLASS_DisplayString  stm32l152_glass_lcd.o
    0x08000e1e   0x08000e1e   0x00000002   PAD
    0x08000e20   0x08000e20   0x0000004c   Code   RO          222    i.LCD_GLASS_Init    stm32l152_glass_lcd.o
    0x08000e6c   0x08000e6c   0x0000001c   Code   RO          224    i.LCD_GLASS_WriteChar  stm32l152_glass_lcd.o
    0x08000e88   0x08000e88   0x000000f8   Code   RO          225    i.LCD_MspInit       stm32l152_glass_lcd.o
    0x08000f80   0x08000f80   0x00000018   Code   RO          589    i.LCD_WaitForSynchro  stm32l1xx_ll_lcd.o
    0x08000f98   0x08000f98   0x0000001c   Code   RO           79    i.LL_AHB1_GRP1_EnableClock  main.o
    0x08000fb4   0x08000fb4   0x0000001c   Code   RO          226    i.LL_AHB1_GRP1_EnableClock  stm32l152_glass_lcd.o
    0x08000fd0   0x08000fd0   0x0000001c   Code   RO          227    i.LL_APB1_GRP1_EnableClock  stm32l152_glass_lcd.o
    0x08000fec   0x08000fec   0x00000144   Code   RO          447    i.LL_GPIO_Init      stm32l1xx_ll_gpio.o
    0x08001130   0x08001130   0x00000012   Code   RO           80    i.LL_GPIO_IsInputPinSet  main.o
    0x08001142   0x08001142   0x00000006   Code   RO           81    i.LL_GPIO_ResetOutputPin  main.o
    0x08001148   0x08001148   0x00000004   Code   RO           82    i.LL_GPIO_SetOutputPin  main.o
    0x0800114c   0x0800114c   0x0000001c   Code   RO          344    i.LL_Init1msTick    stm32l1xx_ll_utils.o
    0x08001168   0x08001168   0x00000034   Code   RO          590    i.LL_LCD_Clear      stm32l1xx_ll_lcd.o
    0x0800119c   0x0800119c   0x000000b4   Code   RO          592    i.LL_LCD_Init       stm32l1xx_ll_lcd.o
    0x08001250   0x08001250   0x0000002c   Code   RO          595    i.LL_LCD_UpdateDisplayRequest  stm32l1xx_ll_lcd.o
    0x0800127c   0x0800127c   0x00000030   Code   RO          596    i.LL_LCD_Write      stm32l1xx_ll_lcd.o
    0x080012ac   0x080012ac   0x00000010   Code   RO           83    i.LL_RCC_HSI_IsReady  main.o
    0x080012bc   0x080012bc   0x00000010   Code   RO          228    i.LL_RCC_LSE_IsReady  stm32l152_glass_lcd.o
    0x080012cc   0x080012cc   0x0000000c   Code   RO          351    i.LL_SetSystemCoreClock  stm32l1xx_ll_utils.o
    0x080012d8   0x080012d8   0x00000028   Code   RO          352    i.LL_mDelay         stm32l1xx_ll_utils.o
    0x08001300   0x08001300   0x00000144   Code   RO           84    i.SystemClock_Config  main.o
    0x08001444   0x08001444   0x00000064   Code   RO            5    i.SystemInit        system_stm32l1xx.o
    0x080014a8   0x080014a8   0x0000000c   Code   RO           85    i.delay40us         main.o
    0x080014b4   0x080014b4   0x000000b8   Code   RO           86    i.main              main.o
    0x0800156c   0x0800156c   0x00000048   Data   RO          230    .constdata          stm32l152_glass_lcd.o
    0x080015b4   0x080015b4   0x00000020   Data   RO          931    Region$$Table       anon$$obj.o


    Execution Region ER_RW (Exec base: 0x20000000, Load base: 0x080015d4, Size: 0x0000001c, Max: 0xffffffff, ABSOLUTE)

    Exec Addr    Load Addr    Size         Type   Attr      Idx    E Section Name        Object

    0x20000000   0x080015d4   0x00000004   Data   RW            7    .data               system_stm32l1xx.o
    0x20000004   0x080015d8   0x00000018   Data   RW           87    .data               main.o


    Execution Region ER_ZI (Exec base: 0x2000001c, Load base: 0x080015f0, Size: 0x000006a4, Max: 0xffffffff, ABSOLUTE)

    Exec Addr    Load Addr    Size         Type   Attr      Idx    E Section Name        Object

    0x2000001c        -       0x00000040   Zero   RW          229    .bss                stm32l152_glass_lcd.o
    0x2000005c        -       0x00000060   Zero   RW          803    .bss                c_w.l(libspace.o)
    0x200000bc   0x080015f0   0x00000004   PAD
    0x200000c0        -       0x00000200   Zero   RW           64    HEAP                startup_stm32l152xb.o
    0x200002c0        -       0x00000400   Zero   RW           63    STACK               startup_stm32l152xb.o


==============================================================================

Image component sizes


      Code (inc. data)   RO Data    RW Data    ZI Data      Debug   Object Name

      1276        152          0         24          0      86276   main.o
        64         26        244          0       1536        904   startup_stm32l152xb.o
      2178         92         72          0         64      25928   stm32l152_glass_lcd.o
       324          0          0          0          0       7495   stm32l1xx_ll_gpio.o
       348         30          0          0          0       3599   stm32l1xx_ll_lcd.o
        80          6          0          0          0       6165   stm32l1xx_ll_utils.o
       100         18          0          4          0     270827   system_stm32l1xx.o

    ----------------------------------------------------------------------
      4372        324        348         28       1600     401194   Object Totals
         0          0         32          0          0          0   (incl. Generated)
         2          0          0          0          0          0   (incl. Padding)

    ----------------------------------------------------------------------

      Code (inc. data)   RO Data    RW Data    ZI Data      Debug   Library Member Name

         8          0          0          0          0         68   __main.o
       104          0          0          0          0         84   __printf.o
         0          0          0          0          0          0   __rtentry.o
        12          0          0          0          0          0   __rtentry2.o
         6          0          0          0          0          0   __rtentry4.o
        52          8          0          0          0          0   __scatter.o
        26          0          0          0          0          0   __scatter_copy.o
        28          0          0          0          0          0   __scatter_zi.o
        48          6          0          0          0         96   _printf_char_common.o
         6          0          0          0          0          0   _printf_d.o
       120         16          0          0          0         92   _printf_dec.o
       178          0          0          0          0         88   _printf_intcommon.o
         0          0          0          0          0          0   _printf_percent.o
         4          0          0          0          0          0   _printf_percent_end.o
        10          0          0          0          0         68   _sputc.o
        18          0          0          0          0         80   exit.o
         6          0          0          0          0        152   heapauxi.o
         0          0          0          0          0          0   indicate_semi.o
         2          0          0          0          0          0   libinit.o
         2          0          0          0          0          0   libinit2.o
         2          0          0          0          0          0   libshutdown.o
         2          0          0          0          0          0   libshutdown2.o
         8          4          0          0         96         68   libspace.o
        40          6          0          0          0         84   noretval__2sprintf.o
        78          0          0          0          0         80   rt_memclr_w.o
         2          0          0          0          0          0   rtexit.o
        10          0          0          0          0          0   rtexit2.o
        12          4          0          0          0         68   sys_exit.o
        74          0          0          0          0         80   sys_stackheap_outer.o
         2          0          0          0          0         68   use_no_semi.o

    ----------------------------------------------------------------------
       868         44          0          0        100       1176   Library Totals
         8          0          0          0          4          0   (incl. Padding)

    ----------------------------------------------------------------------

      Code (inc. data)   RO Data    RW Data    ZI Data      Debug   Library Name

       860         44          0          0         96       1176   c_w.l

    ----------------------------------------------------------------------
       868         44          0          0        100       1176   Library Totals

    ----------------------------------------------------------------------

==============================================================================


      Code (inc. data)   RO Data    RW Data    ZI Data      Debug   

      5240        368        348         28       1700     400338   Grand Totals
      5240        368        348         28       1700     400338   ELF Image Totals
      5240        368        348         28          0          0   ROM Totals

==============================================================================

    Total RO  Size (Code + RO Data)                 5588 (   5.46kB)
    Total RW  Size (RW Data + ZI Data)              1728 (   1.69kB)
    Total ROM Size (Code + RO Data + RW Data)       5616 (   5.48kB)

==============================================================================

